<html>
<body>
<pre>
<h1>µVision Build Log</h1>
<h2>Tool Versions:</h2>
IDE-Version: ¦ÌVision V5.24.2.0
Copyright (C) 2017 ARM Ltd and ARM Germany GmbH. All rights reserved.
License Information: shi shuanglu, 123, LIC=D0DRA-1AJGK-R8RFF-6GKIS-5ZIP8-SHWFC
 
Tool Versions:
Toolchain:       MDK-ARM Plus  Version: 5.24.1
Toolchain Path:  D:\Keil_v5\ARM\ARMCC\Bin
C Compiler:      Armcc.exe V5.06 update 5 (build 528)
Assembler:       Armasm.exe V5.06 update 5 (build 528)
Linker/Locator:  ArmLink.exe V5.06 update 5 (build 528)
Library Manager: ArmAr.exe V5.06 update 5 (build 528)
Hex Converter:   FromElf.exe V5.06 update 5 (build 528)
CPU DLL:         SARMCM3.DLL V5.24.1
Dialog DLL:      DCM.DLL V1.16.0.0
Target DLL:      STLink\ST-LINKIII-KEIL_SWO.dll V3.0.1.0
Dialog DLL:      TCM.DLL V1.32.0.0
 
<h2>Project:</h2>
E:\serverSVN\code\Í¶µ¯Æ÷\´úÂë\motorv1.3\MDK-ARM\motor.uvprojx
Project File Date:  07/30/2019

<h2>Output:</h2>
*** Using Compiler 'V5.06 update 5 (build 528)', folder: 'D:\Keil_v5\ARM\ARMCC\Bin'
Rebuild target 'motor'
assembling startup_stm32f103xb.s...
compiling stm32f1xx_hal_rtc_ex.c...
compiling stm32f1xx_hal_dma.c...
compiling stm32f1xx_hal_uart.c...
compiling stm32f1xx_hal_gpio.c...
compiling stm32f1xx_hal_tim.c...
compiling stm32f1xx_hal_tim_ex.c...
compiling stm32f1xx_hal_rcc_ex.c...
compiling stm32f1xx_hal.c...
compiling stm32f1xx_hal_rcc.c...
compiling stm32f1xx_hal_rtc.c...
compiling stm32f1xx_hal_gpio_ex.c...
compiling heap_4.c...
compiling freertos.c...
compiling stm32f1xx_hal_cortex.c...
compiling croutine.c...
compiling stm32f1xx_hal_pwr.c...
compiling event_groups.c...
compiling list.c...
compiling timers.c...
compiling queue.c...
compiling tasks.c...
compiling port.c...
compiling stm32f1xx_hal_flash.c...
compiling system_stm32f1xx.c...
"no source": Error:  #5: cannot open source input file "..//Src/system_stm32f1xx.c": No such file or directory
..//Src/system_stm32f1xx.c: 0 warnings, 1 error
compiling stm32f1xx_hal_flash_ex.c...
compiling stm32f1xx_hal_msp.c...
compiling main.c...
compiling stm32f1xx_it.c...
../Src/stm32f1xx_it.c(157): warning:  #223-D: function "xPortSysTickHandler" declared implicitly
      xPortSysTickHandler();
../Src/stm32f1xx_it.c: 1 warning, 0 errors
compiling cmsis_os.c...
compiling FSM.c...
..\Src\FSM.c(86): warning:  #1-D: last line of file ends without a newline
  #endif
..\Src\FSM.c: 1 warning, 0 errors
compiling signal.c...
compiling motorTask.c...
compiling pin.c...
compiling servo.c...
compiling command.c...
compiling pwm.c...
..\Src\pwm.c(30): warning:  #177-D: variable "status"  was declared but never referenced
  	HAL_StatusTypeDef status = HAL_OK;
..\Src\pwm.c: 1 warning, 0 errors
compiling debug.c...
..\Src\debug.c(40): warning:  #167-D: argument of type "char *" is incompatible with parameter of type "uint8_t *"
  	HAL_UART_Transmit(&
EBUG_UART_M,&ch,1,10);
..\Src\debug.c(192): warning:  #1182-D: a declaration cannot have a label
                      int vargint = va_arg(ap, int);
..\Src\debug.c(167): warning:  #546-D: transfer of control bypasses initialization of:
            variable "vargint"  (declared at line 192)
              switch(*format)  
              ^
..\Src\debug.c: 3 warnings, 0 errors
linking...
Program Size: Code=15044 RO-data=468 RW-data=472 ZI-data=4760  
FromELF: creating hex file...
"motor\motor.axf" - 0 Error(s), 6 Warning(s).

<h2>Software Packages used:</h2>

Package Vendor: ARM
                http://www.keil.com/pack/ARM.CMSIS.5.0.1.pack
                ARM.CMSIS.5.0.1
                CMSIS (Cortex Microcontroller Software Interface Standard)
   * Component: CORE Version: 5.0.1

Package Vendor: Keil
                http://www.keil.com/pack/Keil.STM32F1xx_DFP.2.3.0.pack
                Keil.STM32F1xx_DFP.2.3.0
                STMicroelectronics STM32F1 Series Device Support, Drivers and Examples

<h2>Collection of Component include folders:</h2>
  .\RTE\_motor
  D:\Keil_v5\ARM\PACK\ARM\CMSIS\5.0.1\CMSIS\Include
  D:\Keil_v5\ARM\PACK\Keil\STM32F1xx_DFP\2.3.0\Device\Include

<h2>Collection of Component Files used:</h2>

   * Component: ARM::CMSIS:CORE:5.0.1
Build Time Elapsed:  00:00:09
</pre>
</body>
</html>
