Component: ARM Compiler 5.06 update 5 (build 528) Tool: armlink [4d35e2]

==============================================================================

Section Cross References

    startup_stm32f103xb.o(RESET) refers to startup_stm32f103xb.o(STACK) for __initial_sp
    startup_stm32f103xb.o(RESET) refers to startup_stm32f103xb.o(.text) for Reset_Handler
    startup_stm32f103xb.o(RESET) refers to stm32f1xx_it.o(i.NMI_Handler) for NMI_Handler
    startup_stm32f103xb.o(RESET) refers to stm32f1xx_it.o(i.HardFault_Handler) for HardFault_Handler
    startup_stm32f103xb.o(RESET) refers to stm32f1xx_it.o(i.MemManage_Handler) for MemManage_Handler
    startup_stm32f103xb.o(RESET) refers to stm32f1xx_it.o(i.BusFault_Handler) for BusFault_Handler
    startup_stm32f103xb.o(RESET) refers to stm32f1xx_it.o(i.UsageFault_Handler) for UsageFault_Handler
    startup_stm32f103xb.o(RESET) refers to port.o(.emb_text) for SVC_Handler
    startup_stm32f103xb.o(RESET) refers to stm32f1xx_it.o(i.DebugMon_Handler) for DebugMon_Handler
    startup_stm32f103xb.o(RESET) refers to stm32f1xx_it.o(i.SysTick_Handler) for SysTick_Handler
    startup_stm32f103xb.o(RESET) refers to stm32f1xx_it.o(i.EXTI4_IRQHandler) for EXTI4_IRQHandler
    startup_stm32f103xb.o(RESET) refers to stm32f1xx_it.o(i.EXTI9_5_IRQHandler) for EXTI9_5_IRQHandler
    startup_stm32f103xb.o(RESET) refers to stm32f1xx_it.o(i.EXTI15_10_IRQHandler) for EXTI15_10_IRQHandler
    startup_stm32f103xb.o(.text) refers to system_stm32f1xx.o(i.SystemInit) for SystemInit
    startup_stm32f103xb.o(.text) refers to entry.o(.ARM.Collect$$$$00000000) for __main
    stm32f1xx_hal_rtc.o(i.HAL_RTC_AlarmIRQHandler) refers to stm32f1xx_hal_rtc.o(i.HAL_RTC_AlarmAEventCallback) for HAL_RTC_AlarmAEventCallback
    stm32f1xx_hal_rtc.o(i.HAL_RTC_DeInit) refers to stm32f1xx_hal_rtc.o(i.RTC_EnterInitMode) for RTC_EnterInitMode
    stm32f1xx_hal_rtc.o(i.HAL_RTC_DeInit) refers to stm32f1xx_hal_rtc.o(i.RTC_ExitInitMode) for RTC_ExitInitMode
    stm32f1xx_hal_rtc.o(i.HAL_RTC_DeInit) refers to stm32f1xx_hal_rtc.o(i.HAL_RTC_WaitForSynchro) for HAL_RTC_WaitForSynchro
    stm32f1xx_hal_rtc.o(i.HAL_RTC_DeInit) refers to stm32f1xx_hal_msp.o(i.HAL_RTC_MspDeInit) for HAL_RTC_MspDeInit
    stm32f1xx_hal_rtc.o(i.HAL_RTC_DeactivateAlarm) refers to stm32f1xx_hal_rtc.o(i.RTC_EnterInitMode) for RTC_EnterInitMode
    stm32f1xx_hal_rtc.o(i.HAL_RTC_DeactivateAlarm) refers to stm32f1xx_hal_rtc.o(i.RTC_ExitInitMode) for RTC_ExitInitMode
    stm32f1xx_hal_rtc.o(i.HAL_RTC_GetAlarm) refers to stm32f1xx_hal_rtc.o(i.RTC_ReadAlarmCounter) for RTC_ReadAlarmCounter
    stm32f1xx_hal_rtc.o(i.HAL_RTC_GetAlarm) refers to stm32f1xx_hal_rtc.o(i.RTC_ByteToBcd2) for RTC_ByteToBcd2
    stm32f1xx_hal_rtc.o(i.HAL_RTC_GetDate) refers to stm32f1xx_hal_rtc.o(i.HAL_RTC_GetTime) for HAL_RTC_GetTime
    stm32f1xx_hal_rtc.o(i.HAL_RTC_GetDate) refers to stm32f1xx_hal_rtc.o(i.RTC_ByteToBcd2) for RTC_ByteToBcd2
    stm32f1xx_hal_rtc.o(i.HAL_RTC_GetTime) refers to stm32f1xx_hal_rtc.o(i.RTC_ReadTimeCounter) for RTC_ReadTimeCounter
    stm32f1xx_hal_rtc.o(i.HAL_RTC_GetTime) refers to stm32f1xx_hal_rtc.o(i.RTC_ReadAlarmCounter) for RTC_ReadAlarmCounter
    stm32f1xx_hal_rtc.o(i.HAL_RTC_GetTime) refers to stm32f1xx_hal_rtc.o(i.RTC_WriteTimeCounter) for RTC_WriteTimeCounter
    stm32f1xx_hal_rtc.o(i.HAL_RTC_GetTime) refers to stm32f1xx_hal_rtc.o(i.RTC_WriteAlarmCounter) for RTC_WriteAlarmCounter
    stm32f1xx_hal_rtc.o(i.HAL_RTC_GetTime) refers to stm32f1xx_hal_rtc.o(i.RTC_DateUpdate) for RTC_DateUpdate
    stm32f1xx_hal_rtc.o(i.HAL_RTC_GetTime) refers to stm32f1xx_hal_rtc.o(i.RTC_ByteToBcd2) for RTC_ByteToBcd2
    stm32f1xx_hal_rtc.o(i.HAL_RTC_Init) refers to stm32f1xx_hal_msp.o(i.HAL_RTC_MspInit) for HAL_RTC_MspInit
    stm32f1xx_hal_rtc.o(i.HAL_RTC_Init) refers to stm32f1xx_hal_rtc.o(i.HAL_RTC_WaitForSynchro) for HAL_RTC_WaitForSynchro
    stm32f1xx_hal_rtc.o(i.HAL_RTC_Init) refers to stm32f1xx_hal_rtc.o(i.RTC_EnterInitMode) for RTC_EnterInitMode
    stm32f1xx_hal_rtc.o(i.HAL_RTC_Init) refers to stm32f1xx_hal_rcc_ex.o(i.HAL_RCCEx_GetPeriphCLKFreq) for HAL_RCCEx_GetPeriphCLKFreq
    stm32f1xx_hal_rtc.o(i.HAL_RTC_Init) refers to stm32f1xx_hal_rtc.o(i.RTC_ExitInitMode) for RTC_ExitInitMode
    stm32f1xx_hal_rtc.o(i.HAL_RTC_PollForAlarmAEvent) refers to stm32f1xx_hal.o(i.HAL_GetTick) for HAL_GetTick
    stm32f1xx_hal_rtc.o(i.HAL_RTC_SetAlarm) refers to stm32f1xx_hal_rtc.o(i.HAL_RTC_GetTime) for HAL_RTC_GetTime
    stm32f1xx_hal_rtc.o(i.HAL_RTC_SetAlarm) refers to stm32f1xx_hal_rtc.o(i.RTC_Bcd2ToByte) for RTC_Bcd2ToByte
    stm32f1xx_hal_rtc.o(i.HAL_RTC_SetAlarm) refers to stm32f1xx_hal_rtc.o(i.RTC_WriteAlarmCounter) for RTC_WriteAlarmCounter
    stm32f1xx_hal_rtc.o(i.HAL_RTC_SetAlarm_IT) refers to stm32f1xx_hal_rtc.o(i.HAL_RTC_GetTime) for HAL_RTC_GetTime
    stm32f1xx_hal_rtc.o(i.HAL_RTC_SetAlarm_IT) refers to stm32f1xx_hal_rtc.o(i.RTC_Bcd2ToByte) for RTC_Bcd2ToByte
[...]
    ../Drivers/STM32F1xx_HAL_Driver/Src/stm32f1xx_hal_uart.c 0x00000000   Number         0  stm32f1xx_hal_uart.o ABSOLUTE
    ../Middlewares/Third_Party/FreeRTOS/Source/CMSIS_RTOS/cmsis_os.c 0x00000000   Number         0  cmsis_os.o ABSOLUTE
    ../Middlewares/Third_Party/FreeRTOS/Source/croutine.c 0x00000000   Number         0  croutine.o ABSOLUTE
    ../Middlewares/Third_Party/FreeRTOS/Source/event_groups.c 0x00000000   Number         0  event_groups.o ABSOLUTE
    ../Middlewares/Third_Party/FreeRTOS/Source/list.c 0x00000000   Number         0  list.o ABSOLUTE
    ../Middlewares/Third_Party/FreeRTOS/Source/portable/MemMang/heap_4.c 0x00000000   Number         0  heap_4.o ABSOLUTE
    ../Middlewares/Third_Party/FreeRTOS/Source/portable/RVDS/ARM_CM3/port.c 0x00000000   Number         0  port.o ABSOLUTE
    ../Middlewares/Third_Party/FreeRTOS/Source/queue.c 0x00000000   Number         0  queue.o ABSOLUTE
    ../Middlewares/Third_Party/FreeRTOS/Source/tasks.c 0x00000000   Number         0  tasks.o ABSOLUTE
    ../Middlewares/Third_Party/FreeRTOS/Source/timers.c 0x00000000   Number         0  timers.o ABSOLUTE
    ../Src/freertos.c                        0x00000000   Number         0  freertos.o ABSOLUTE
    ../Src/main.c                            0x00000000   Number         0  main.o ABSOLUTE
    ../Src/stm32f1xx_hal_msp.c               0x00000000   Number         0  stm32f1xx_hal_msp.o ABSOLUTE
    ../Src/stm32f1xx_it.c                    0x00000000   Number         0  stm32f1xx_it.o ABSOLUTE
    ../clib/../cmprslib/zerorunl2.c          0x00000000   Number         0  __dczerorl2.o ABSOLUTE
    ../clib/microlib/division.c              0x00000000   Number         0  uldiv.o ABSOLUTE
    ../clib/microlib/division.c              0x00000000   Number         0  uidiv.o ABSOLUTE
    ../clib/microlib/init/entry.s            0x00000000   Number         0  entry7b.o ABSOLUTE
    ../clib/microlib/init/entry.s            0x00000000   Number         0  entry.o ABSOLUTE
    ../clib/microlib/init/entry.s            0x00000000   Number         0  entry11b.o ABSOLUTE
    ../clib/microlib/init/entry.s            0x00000000   Number         0  entry11a.o ABSOLUTE
    ../clib/microlib/init/entry.s            0x00000000   Number         0  entry10b.o ABSOLUTE
    ../clib/microlib/init/entry.s            0x00000000   Number         0  entry10a.o ABSOLUTE
    ../clib/microlib/init/entry.s            0x00000000   Number         0  entry9b.o ABSOLUTE
    ../clib/microlib/init/entry.s            0x00000000   Number         0  entry9a.o ABSOLUTE
    ../clib/microlib/init/entry.s            0x00000000   Number         0  entry8b.o ABSOLUTE
    ../clib/microlib/init/entry.s            0x00000000   Number         0  entry8a.o ABSOLUTE
    ../clib/microlib/init/entry.s            0x00000000   Number         0  entry7a.o ABSOLUTE
    ../clib/microlib/init/entry.s            0x00000000   Number         0  entry5.o ABSOLUTE
    ../clib/microlib/init/entry.s            0x00000000   Number         0  entry2.o ABSOLUTE
    ../clib/microlib/longlong.c              0x00000000   Number         0  llsshr.o ABSOLUTE
    ../clib/microlib/longlong.c              0x00000000   Number         0  llushr.o ABSOLUTE
    ../clib/microlib/longlong.c              0x00000000   Number         0  llshl.o ABSOLUTE
    ../clib/microlib/printf/printf.c         0x00000000   Number         0  printf0.o ABSOLUTE
    ../clib/microlib/printf/printf.c         0x00000000   Number         0  printfa.o ABSOLUTE
    ../clib/microlib/printf/printf.c         0x00000000   Number         0  printf1.o ABSOLUTE
    ../clib/microlib/printf/printf.c         0x00000000   Number         0  printf2.o ABSOLUTE
    ../clib/microlib/printf/printf.c         0x00000000   Number         0  printf7.o ABSOLUTE
    ../clib/microlib/printf/printf.c         0x00000000   Number         0  printf5.o ABSOLUTE
    ../clib/microlib/printf/printf.c         0x00000000   Number         0  printf3.o ABSOLUTE
    ../clib/microlib/printf/printf.c         0x00000000   Number         0  printf6.o ABSOLUTE
    ../clib/microlib/printf/printf.c         0x00000000   Number         0  printf4.o ABSOLUTE
    ../clib/microlib/printf/printf.c         0x00000000   Number         0  printfb.o ABSOLUTE
    ../clib/microlib/printf/printf.c         0x00000000   Number         0  printf8.o ABSOLUTE
    ../clib/microlib/printf/stubs.s          0x00000000   Number         0  stubs.o ABSOLUTE
    ../clib/microlib/stdio/streams.c         0x00000000   Number         0  stdout.o ABSOLUTE
    ../clib/microlib/string/memcpy.c         0x00000000   Number         0  memcpyb.o ABSOLUTE
    ../clib/microlib/string/memcpy.c         0x00000000   Number         0  memcpya.o ABSOLUTE
    ../clib/microlib/string/strlen.c         0x00000000   Number         0  strlen.o ABSOLUTE
    ../clib/microlib/stubs.s                 0x00000000   Number         0  iusefp.o ABSOLUTE
    ../fplib/microlib/d2f.c                  0x00000000   Number         0  d2f.o ABSOLUTE
    ../fplib/microlib/fpadd.c                0x00000000   Number         0  dadd.o ABSOLUTE
    ../fplib/microlib/fpadd.c                0x00000000   Number         0  fadd.o ABSOLUTE
    ../fplib/microlib/fpdiv.c                0x00000000   Number         0  ddiv.o ABSOLUTE
    ../fplib/microlib/fpepilogue.c           0x00000000   Number         0  depilogue.o ABSOLUTE
    ../fplib/microlib/fpepilogue.c           0x00000000   Number         0  fepilogue.o ABSOLUTE
    ../fplib/microlib/fpfix.c                0x00000000   Number         0  ffixi.o ABSOLUTE
    ../fplib/microlib/fpfix.c                0x00000000   Number         0  dfixul.o ABSOLUTE
    ../fplib/microlib/fpflt.c                0x00000000   Number         0  fflti.o ABSOLUTE
    ../fplib/microlib/fpmul.c                0x00000000   Number         0  fmul.o ABSOLUTE
    ../fplib/microlib/fpmul.c                0x00000000   Number         0  dmul.o ABSOLUTE
    ..\Drivers\STM32F1xx_HAL_Driver\Src\stm32f1xx_hal.c 0x00000000   Number         0  stm32f1xx_hal.o ABSOLUTE
    ..\Drivers\STM32F1xx_HAL_Driver\Src\stm32f1xx_hal_cortex.c 0x00000000   Number         0  stm32f1xx_hal_cortex.o ABSOLUTE
    ..\Drivers\STM32F1xx_HAL_Driver\Src\stm32f1xx_hal_dma.c 0x00000000   Number         0  stm32f1xx_hal_dma.o ABSOLUTE
    ..\Drivers\STM32F1xx_HAL_Driver\Src\stm32f1xx_hal_flash.c 0x00000000   Number         0  stm32f1xx_hal_flash.o ABSOLUTE
    ..\Drivers\STM32F1xx_HAL_Driver\Src\stm32f1xx_hal_flash_ex.c 0x00000000   Number         0  stm32f1xx_hal_flash_ex.o ABSOLUTE
    ..\Drivers\STM32F1xx_HAL_Driver\Src\stm32f1xx_hal_gpio.c 0x00000000   Number         0  stm32f1xx_hal_gpio.o ABSOLUTE
    ..\Drivers\STM32F1xx_HAL_Driver\Src\stm32f1xx_hal_gpio_ex.c 0x00000000   Number         0  stm32f1xx_hal_gpio_ex.o ABSOLUTE
    ..\Drivers\STM32F1xx_HAL_Driver\Src\stm32f1xx_hal_pwr.c 0x00000000   Number         0  stm32f1xx_hal_pwr.o ABSOLUTE
    ..\Drivers\STM32F1xx_HAL_Driver\Src\stm32f1xx_hal_rcc.c 0x00000000   Number         0  stm32f1xx_hal_rcc.o ABSOLUTE
    ..\Drivers\STM32F1xx_HAL_Driver\Src\stm32f1xx_hal_rcc_ex.c 0x00000000   Number         0  stm32f1xx_hal_rcc_ex.o ABSOLUTE
    ..\Drivers\STM32F1xx_HAL_Driver\Src\stm32f1xx_hal_rtc.c 0x00000000   Number         0  stm32f1xx_hal_rtc.o ABSOLUTE
    ..\Drivers\STM32F1xx_HAL_Driver\Src\stm32f1xx_hal_rtc_ex.c 0x00000000   Number         0  stm32f1xx_hal_rtc_ex.o ABSOLUTE
    ..\Drivers\STM32F1xx_HAL_Driver\Src\stm32f1xx_hal_tim.c 0x00000000   Number         0  stm32f1xx_hal_tim.o ABSOLUTE
    ..\Drivers\STM32F1xx_HAL_Driver\Src\stm32f1xx_hal_tim_ex.c 0x00000000   Number         0  stm32f1xx_hal_tim_ex.o ABSOLUTE
    ..\Drivers\STM32F1xx_HAL_Driver\Src\stm32f1xx_hal_uart.c 0x00000000   Number         0  stm32f1xx_hal_uart.o ABSOLUTE
    ..\Middlewares\Third_Party\FreeRTOS\Source\CMSIS_RTOS\cmsis_os.c 0x00000000   Number         0  cmsis_os.o ABSOLUTE
    ..\Middlewares\Third_Party\FreeRTOS\Source\portable\RVDS\ARM_CM3\port.c 0x00000000   Number         0  port.o ABSOLUTE
    ..\Src\FSM.c                             0x00000000   Number         0  fsm.o ABSOLUTE
    ..\Src\command.c                         0x00000000   Number         0  command.o ABSOLUTE
    ..\Src\debug.c                           0x00000000   Number         0  debug.o ABSOLUTE
    ..\Src\main.c                            0x00000000   Number         0  main.o ABSOLUTE
    ..\Src\motorTask.c                       0x00000000   Number         0  motortask.o ABSOLUTE
    ..\Src\pin.c                             0x00000000   Number         0  pin.o ABSOLUTE
    ..\Src\pwm.c                             0x00000000   Number         0  pwm.o ABSOLUTE
    ..\Src\servo.c                           0x00000000   Number         0  servo.o ABSOLUTE
    ..\Src\signal.c                          0x00000000   Number         0  signal.o ABSOLUTE
    ..\Src\stm32f1xx_hal_msp.c               0x00000000   Number         0  stm32f1xx_hal_msp.o ABSOLUTE
    ..\Src\stm32f1xx_it.c                    0x00000000   Number         0  stm32f1xx_it.o ABSOLUTE
    ..\\Src\\command.c                       0x00000000   Number         0  command.o ABSOLUTE
    ..\\Src\\debug.c                         0x00000000   Number         0  debug.o ABSOLUTE
    ..\\Src\\motorTask.c                     0x00000000   Number         0  motortask.o ABSOLUTE
    ..\\Src\\pin.c                           0x00000000   Number         0  pin.o ABSOLUTE
    ..\\Src\\pwm.c                           0x00000000   Number         0  pwm.o ABSOLUTE
    ..\\Src\\servo.c                         0x00000000   Number         0  servo.o ABSOLUTE
    ..\\Src\\signal.c                        0x00000000   Number         0  signal.o ABSOLUTE
    ..\\Src\system_stm32f1xx.c               0x00000000   Number         0  system_stm32f1xx.o ABSOLUTE
    cdrcmple.s                               0x00000000   Number         0  cdrcmple.o ABSOLUTE
    dc.s                                     0x00000000   Number         0  dc.o ABSOLUTE
    handlers.s                               0x00000000   Number         0  handlers.o ABSOLUTE
    init.s                                   0x00000000   Number         0  init.o ABSOLUTE
    startup_stm32f103xb.s                    0x00000000   Number         0  startup_stm32f103xb.o ABSOLUTE
    RESET                                    0x08000000   Section      236  startup_stm32f103xb.o(RESET)
    .ARM.Collect$$$$00000000                 0x080000ec   Section        0  entry.o(.ARM.Collect$$$$00000000)
    .ARM.Collect$$$$00000001                 0x080000ec   Section        4  entry2.o(.ARM.Collect$$$$00000001)
    .ARM.Collect$$$$00000004                 0x080000f0   Section        4  entry5.o(.ARM.Collect$$$$00000004)
    .ARM.Collect$$$$00000008                 0x080000f4   Section        0  entry7b.o(.ARM.Collect$$$$00000008)
    .ARM.Collect$$$$0000000A                 0x080000f4   Section        0  entry8b.o(.ARM.Collect$$$$0000000A)
    .ARM.Collect$$$$0000000B                 0x080000f4   Section        8  entry9a.o(.ARM.Collect$$$$0000000B)
    .ARM.Collect$$$$0000000D                 0x080000fc   Section        0  entry10a.o(.ARM.Collect$$$$0000000D)
    .ARM.Collect$$$$0000000F                 0x080000fc   Section        0  entry11a.o(.ARM.Collect$$$$0000000F)
    .ARM.Collect$$$$00002712                 0x080000fc   Section        4  entry2.o(.ARM.Collect$$$$00002712)
    __lit__00000000                          0x080000fc   Data           4  entry2.o(.ARM.Collect$$$$00002712)
    .emb_text                                0x08000100   Section      150  port.o(.emb_text)
    .text                                    0x08000198   Section       36  startup_stm32f103xb.o(.text)
    .text                                    0x080001bc   Section        0  memcpya.o(.text)
    .text                                    0x080001e0   Section       36  init.o(.text)
    .text                                    0x08000204   Section        0  __dczerorl2.o(.text)
    i.BusFault_Handler                       0x0800025a   Section        0  stm32f1xx_it.o(i.BusFault_Handler)
    i.DebugMon_Handler                       0x0800025e   Section        0  stm32f1xx_it.o(i.DebugMon_Handler)
    i.EXTI15_10_IRQHandler                   0x08000260   Section        0  stm32f1xx_it.o(i.EXTI15_10_IRQHandler)
    i.EXTI4_IRQHandler                       0x08000274   Section        0  stm32f1xx_it.o(i.EXTI4_IRQHandler)
    i.EXTI9_5_IRQHandler                     0x0800027e   Section        0  stm32f1xx_it.o(i.EXTI9_5_IRQHandler)
    i.HAL_GPIO_EXTI_Callback                 0x08000288   Section        0  signal.o(i.HAL_GPIO_EXTI_Callback)
    i.HAL_GPIO_EXTI_IRQHandler               0x080003c0   Section        0  stm32f1xx_hal_gpio.o(i.HAL_GPIO_EXTI_IRQHandler)
    i.HAL_GPIO_Init                          0x080003dc   Section        0  stm32f1xx_hal_gpio.o(i.HAL_GPIO_Init)
    i.HAL_GPIO_ReadPin                       0x080006f8   Section        0  stm32f1xx_hal_gpio.o(i.HAL_GPIO_ReadPin)
    i.HAL_GPIO_WritePin                      0x08000708   Section        0  stm32f1xx_hal_gpio.o(i.HAL_GPIO_WritePin)
    i.HAL_GetTick                            0x08000714   Section        0  stm32f1xx_hal.o(i.HAL_GetTick)
    i.HAL_IncTick                            0x08000720   Section        0  stm32f1xx_hal.o(i.HAL_IncTick)
    i.HAL_Init                               0x08000738   Section        0  stm32f1xx_hal.o(i.HAL_Init)
    i.HAL_InitTick                           0x08000760   Section        0  stm32f1xx_hal.o(i.HAL_InitTick)
    i.HAL_MspInit                            0x080007ac   Section        0  stm32f1xx_hal_msp.o(i.HAL_MspInit)
    i.HAL_NVIC_EnableIRQ                     0x08000838   Section        0  stm32f1xx_hal_cortex.o(i.HAL_NVIC_EnableIRQ)
    i.HAL_NVIC_SetPriority                   0x08000852   Section        0  stm32f1xx_hal_cortex.o(i.HAL_NVIC_SetPriority)
    i.HAL_NVIC_SetPriorityGrouping           0x080008d0   Section        0  stm32f1xx_hal_cortex.o(i.HAL_NVIC_SetPriorityGrouping)
    i.HAL_PWR_EnableBkUpAccess               0x080008f8   Section        0  stm32f1xx_hal_pwr.o(i.HAL_PWR_EnableBkUpAccess)
    i.HAL_RCCEx_GetPeriphCLKFreq             0x08000904   Section        0  stm32f1xx_hal_rcc_ex.o(i.HAL_RCCEx_GetPeriphCLKFreq)
    i.HAL_RCCEx_PeriphCLKConfig              0x08000a24   Section        0  stm32f1xx_hal_rcc_ex.o(i.HAL_RCCEx_PeriphCLKConfig)
    i.HAL_RCC_ClockConfig                    0x08000b54   Section        0  stm32f1xx_hal_rcc.o(i.HAL_RCC_ClockConfig)
    i.HAL_RCC_GetHCLKFreq                    0x08000cf8   Section        0  stm32f1xx_hal_rcc.o(i.HAL_RCC_GetHCLKFreq)
    i.HAL_RCC_GetPCLK1Freq                   0x08000d04   Section        0  stm32f1xx_hal_rcc.o(i.HAL_RCC_GetPCLK1Freq)
    i.HAL_RCC_GetPCLK2Freq                   0x08000d24   Section        0  stm32f1xx_hal_rcc.o(i.HAL_RCC_GetPCLK2Freq)
    i.HAL_RCC_GetSysClockFreq                0x08000d44   Section        0  stm32f1xx_hal_rcc.o(i.HAL_RCC_GetSysClockFreq)
    i.HAL_RCC_OscConfig                      0x08000dd8   Section        0  stm32f1xx_hal_rcc.o(i.HAL_RCC_OscConfig)
    i.HAL_RTC_Init                           0x08001218   Section        0  stm32f1xx_hal_rtc.o(i.HAL_RTC_Init)
    i.HAL_RTC_MspInit                        0x080012e8   Section        0  stm32f1xx_hal_msp.o(i.HAL_RTC_MspInit)
    i.HAL_RTC_WaitForSynchro                 0x08001328   Section        0  stm32f1xx_hal_rtc.o(i.HAL_RTC_WaitForSynchro)
    i.HAL_SYSTICK_CLKSourceConfig            0x08001368   Section        0  stm32f1xx_hal_cortex.o(i.HAL_SYSTICK_CLKSourceConfig)
    i.HAL_SYSTICK_Config                     0x08001390   Section        0  stm32f1xx_hal_cortex.o(i.HAL_SYSTICK_Config)
    i.HAL_TIMEx_ConfigBreakDeadTime          0x080013c4   Section        0  stm32f1xx_hal_tim_ex.o(i.HAL_TIMEx_ConfigBreakDeadTime)
    i.HAL_TIMEx_MasterConfigSynchronization  0x08001442   Section        0  stm32f1xx_hal_tim_ex.o(i.HAL_TIMEx_MasterConfigSynchronization)
    i.HAL_TIM_Base_Init                      0x080014a4   Section        0  stm32f1xx_hal_tim.o(i.HAL_TIM_Base_Init)
    i.HAL_TIM_Base_MspInit                   0x080014d8   Section        0  stm32f1xx_hal_msp.o(i.HAL_TIM_Base_MspInit)
    i.HAL_TIM_Base_Start                     0x08001558   Section        0  stm32f1xx_hal_tim.o(i.HAL_TIM_Base_Start)
    i.HAL_TIM_ConfigClockSource              0x08001576   Section        0  stm32f1xx_hal_tim.o(i.HAL_TIM_ConfigClockSource)
    i.HAL_TIM_MspPostInit                    0x080016a8   Section        0  stm32f1xx_hal_msp.o(i.HAL_TIM_MspPostInit)
    i.HAL_TIM_PWM_ConfigChannel              0x080016ec   Section        0  stm32f1xx_hal_tim.o(i.HAL_TIM_PWM_ConfigChannel)
    i.HAL_TIM_PWM_Init                       0x080017f4   Section        0  stm32f1xx_hal_tim.o(i.HAL_TIM_PWM_Init)
    i.HAL_TIM_PWM_MspInit                    0x08001828   Section        0  stm32f1xx_hal_msp.o(i.HAL_TIM_PWM_MspInit)
    i.HAL_TIM_PWM_Start                      0x08001854   Section        0  stm32f1xx_hal_tim.o(i.HAL_TIM_PWM_Start)
    i.HAL_TIM_PWM_Stop                       0x08001894   Section        0  stm32f1xx_hal_tim.o(i.HAL_TIM_PWM_Stop)
    i.HAL_UART_Init                          0x08001910   Section        0  stm32f1xx_hal_uart.o(i.HAL_UART_Init)
    i.HAL_UART_MspInit                       0x08001984   Section        0  stm32f1xx_hal_msp.o(i.HAL_UART_MspInit)
    i.HAL_UART_Transmit                      0x080019fc   Section        0  stm32f1xx_hal_uart.o(i.HAL_UART_Transmit)
    i.HardFault_Handler                      0x08001ad2   Section        0  stm32f1xx_it.o(i.HardFault_Handler)
    i.MX_GPIO_Init                           0x08001ad8   Section        0  main.o(i.MX_GPIO_Init)
    MX_GPIO_Init                             0x08001ad9   Thumb Code   220  main.o(i.MX_GPIO_Init)
    i.MX_RTC_Init                            0x08001bc8   Section        0  main.o(i.MX_RTC_Init)
    MX_RTC_Init                              0x08001bc9   Thumb Code    40  main.o(i.MX_RTC_Init)
    i.MX_TIM1_Init                           0x08001c08   Section        0  main.o(i.MX_TIM1_Init)
    MX_TIM1_Init                             0x08001c09   Thumb Code   218  main.o(i.MX_TIM1_Init)
    i.MX_TIM2_Init                           0x08001cfc   Section        0  main.o(i.MX_TIM2_Init)
    MX_TIM2_Init                             0x08001cfd   Thumb Code   176  main.o(i.MX_TIM2_Init)
    i.MX_TIM3_Init                           0x08001dc0   Section        0  main.o(i.MX_TIM3_Init)
    MX_TIM3_Init                             0x08001dc1   Thumb Code   108  main.o(i.MX_TIM3_Init)
    i.MX_TIM4_Init                           0x08001e44   Section        0  main.o(i.MX_TIM4_Init)
    MX_TIM4_Init                             0x08001e45   Thumb Code   108  main.o(i.MX_TIM4_Init)
    i.MX_USART1_UART_Init                    0x08001ec8   Section        0  main.o(i.MX_USART1_UART_Init)
    MX_USART1_UART_Init                      0x08001ec9   Thumb Code    52  main.o(i.MX_USART1_UART_Init)
    i.MemManage_Handler                      0x08001f14   Section        0  stm32f1xx_it.o(i.MemManage_Handler)
    i.NMI_Handler                            0x08001f18   Section        0  stm32f1xx_it.o(i.NMI_Handler)
    i.NVIC_GetPriorityGrouping               0x08001f1c   Section        0  stm32f1xx_hal_cortex.o(i.NVIC_GetPriorityGrouping)
    NVIC_GetPriorityGrouping                 0x08001f1d   Thumb Code    10  stm32f1xx_hal_cortex.o(i.NVIC_GetPriorityGrouping)
    i.NVIC_SetPriority                       0x08001f2c   Section        0  stm32f1xx_hal_cortex.o(i.NVIC_SetPriority)
    NVIC_SetPriority                         0x08001f2d   Thumb Code    32  stm32f1xx_hal_cortex.o(i.NVIC_SetPriority)
    i.RCC_Delay                              0x08001f54   Section        0  stm32f1xx_hal_rcc.o(i.RCC_Delay)
    RCC_Delay                                0x08001f55   Thumb Code    36  stm32f1xx_hal_rcc.o(i.RCC_Delay)
    i.RTC_EnterInitMode                      0x08001f7c   Section        0  stm32f1xx_hal_rtc.o(i.RTC_EnterInitMode)
    RTC_EnterInitMode                        0x08001f7d   Thumb Code    58  stm32f1xx_hal_rtc.o(i.RTC_EnterInitMode)
    i.RTC_ExitInitMode                       0x08001fb6   Section        0  stm32f1xx_hal_rtc.o(i.RTC_ExitInitMode)
    RTC_ExitInitMode                         0x08001fb7   Thumb Code    58  stm32f1xx_hal_rtc.o(i.RTC_ExitInitMode)
    i.StartDefaultTask                       0x08001ff0   Section        0  main.o(i.StartDefaultTask)
    i.SysTick_Handler                        0x0800202c   Section        0  stm32f1xx_it.o(i.SysTick_Handler)
    i.SystemClock_Config                     0x08002040   Section        0  main.o(i.SystemClock_Config)
    i.SystemInit                             0x080020d8   Section        0  system_stm32f1xx.o(i.SystemInit)
    i.TIM_Base_SetConfig                     0x08002120   Section        0  stm32f1xx_hal_tim.o(i.TIM_Base_SetConfig)
    i.TIM_CCxChannelCmd                      0x08002194   Section        0  stm32f1xx_hal_tim.o(i.TIM_CCxChannelCmd)
    i.TIM_ETR_SetConfig                      0x080021b0   Section        0  stm32f1xx_hal_tim.o(i.TIM_ETR_SetConfig)
    TIM_ETR_SetConfig                        0x080021b1   Thumb Code    24  stm32f1xx_hal_tim.o(i.TIM_ETR_SetConfig)
    i.TIM_ITRx_SetConfig                     0x080021c8   Section        0  stm32f1xx_hal_tim.o(i.TIM_ITRx_SetConfig)
    TIM_ITRx_SetConfig                       0x080021c9   Thumb Code    20  stm32f1xx_hal_tim.o(i.TIM_ITRx_SetConfig)
    i.TIM_OC1_SetConfig                      0x080021dc   Section        0  stm32f1xx_hal_tim.o(i.TIM_OC1_SetConfig)
    TIM_OC1_SetConfig                        0x080021dd   Thumb Code    96  stm32f1xx_hal_tim.o(i.TIM_OC1_SetConfig)
    i.TIM_OC2_SetConfig                      0x08002240   Section        0  stm32f1xx_hal_tim.o(i.TIM_OC2_SetConfig)
    i.TIM_OC3_SetConfig                      0x080022b0   Section        0  stm32f1xx_hal_tim.o(i.TIM_OC3_SetConfig)
    TIM_OC3_SetConfig                        0x080022b1   Thumb Code   104  stm32f1xx_hal_tim.o(i.TIM_OC3_SetConfig)
    i.TIM_OC4_SetConfig                      0x0800231c   Section        0  stm32f1xx_hal_tim.o(i.TIM_OC4_SetConfig)
    TIM_OC4_SetConfig                        0x0800231d   Thumb Code    74  stm32f1xx_hal_tim.o(i.TIM_OC4_SetConfig)
    i.TIM_TI1_ConfigInputStage               0x0800236c   Section        0  stm32f1xx_hal_tim.o(i.TIM_TI1_ConfigInputStage)
    TIM_TI1_ConfigInputStage                 0x0800236d   Thumb Code    42  stm32f1xx_hal_tim.o(i.TIM_TI1_ConfigInputStage)
    i.TIM_TI2_ConfigInputStage               0x08002396   Section        0  stm32f1xx_hal_tim.o(i.TIM_TI2_ConfigInputStage)
    TIM_TI2_ConfigInputStage                 0x08002397   Thumb Code    44  stm32f1xx_hal_tim.o(i.TIM_TI2_ConfigInputStage)
    i.UART_SetConfig                         0x080023c4   Section        0  stm32f1xx_hal_uart.o(i.UART_SetConfig)
    UART_SetConfig                           0x080023c5   Thumb Code   450  stm32f1xx_hal_uart.o(i.UART_SetConfig)
    i.UART_WaitOnFlagUntilTimeout            0x0800258c   Section        0  stm32f1xx_hal_uart.o(i.UART_WaitOnFlagUntilTimeout)
    UART_WaitOnFlagUntilTimeout              0x0800258d   Thumb Code   108  stm32f1xx_hal_uart.o(i.UART_WaitOnFlagUntilTimeout)
    i.UsageFault_Handler                     0x080025f8   Section        0  stm32f1xx_it.o(i.UsageFault_Handler)
    i._Error_Handler                         0x080025fc   Section        0  main.o(i._Error_Handler)
    i.__0printf$2                            0x08002600   Section        0  printf2.o(i.__0printf$2)
    i.__scatterload_copy                     0x08002620   Section       14  handlers.o(i.__scatterload_copy)
    i.__scatterload_null                     0x0800262e   Section        2  handlers.o(i.__scatterload_null)
    i.__scatterload_zeroinit                 0x08002630   Section       14  handlers.o(i.__scatterload_zeroinit)
    i._printf_core                           0x0800263e   Section        0  printf2.o(i._printf_core)
    _printf_core                             0x0800263f   Thumb Code   214  printf2.o(i._printf_core)
    i.addCmd2ListF                           0x08002714   Section        0  command.o(i.addCmd2ListF)
    i.fputc                                  0x0800275c   Section        0  debug.o(i.fputc)
    i.getCurrentCmdF                         0x08002778   Section        0  command.o(i.getCurrentCmdF)
    i.iGetEventF                             0x080027c0   Section        0  motortask.o(i.iGetEventF)
    i.isCmdListEmptyF                        0x08002900   Section        0  command.o(i.isCmdListEmptyF)
    isCmdListEmptyF                          0x08002901   Thumb Code    14  command.o(i.isCmdListEmptyF)
    i.isResetPinCheckedF                     0x08002914   Section        0  pin.o(i.isResetPinCheckedF)
    i.isStopPinCheckedF                      0x08002944   Section        0  pin.o(i.isStopPinCheckedF)
    i.main                                   0x08002974   Section        0  main.o(i.main)
    i.makeFreeRtosPriority                   0x080029dc   Section        0  cmsis_os.o(i.makeFreeRtosPriority)
    makeFreeRtosPriority                     0x080029dd   Thumb Code    14  cmsis_os.o(i.makeFreeRtosPriority)
    i.motorBackRunF                          0x080029ec   Section        0  pin.o(i.motorBackRunF)
    i.motorRunF                              0x08002a0c   Section        0  pin.o(i.motorRunF)
    i.motorStopF                             0x08002a2c   Section        0  pin.o(i.motorStopF)
    i.motorTaskF                             0x08002a48   Section        0  motortask.o(i.motorTaskF)
    i.osDelay                                0x08002a6c   Section        0  cmsis_os.o(i.osDelay)
    i.osKernelStart                          0x08002a84   Section        0  cmsis_os.o(i.osKernelStart)
    i.osThreadCreate                         0x08002a8e   Section        0  cmsis_os.o(i.osThreadCreate)
    i.prvAddCurrentTaskToDelayedList         0x08002ac0   Section        0  tasks.o(i.prvAddCurrentTaskToDelayedList)
    prvAddCurrentTaskToDelayedList           0x08002ac1   Thumb Code   124  tasks.o(i.prvAddCurrentTaskToDelayedList)
    i.prvAddNewTaskToReadyList               0x08002b58   Section        0  tasks.o(i.prvAddNewTaskToReadyList)
    prvAddNewTaskToReadyList                 0x08002b59   Thumb Code   150  tasks.o(i.prvAddNewTaskToReadyList)
    i.prvCheckTasksWaitingTermination        0x08002c0c   Section        0  tasks.o(i.prvCheckTasksWaitingTermination)
    prvCheckTasksWaitingTermination          0x08002c0d   Thumb Code    86  tasks.o(i.prvCheckTasksWaitingTermination)
    i.prvDeleteTCB                           0x08002c70   Section        0  tasks.o(i.prvDeleteTCB)
    prvDeleteTCB                             0x08002c71   Thumb Code    18  tasks.o(i.prvDeleteTCB)
    i.prvHeapInit                            0x08002c84   Section        0  heap_4.o(i.prvHeapInit)
    prvHeapInit                              0x08002c85   Thumb Code    98  heap_4.o(i.prvHeapInit)
    i.prvIdleTask                            0x08002d00   Section        0  tasks.o(i.prvIdleTask)
    prvIdleTask                              0x08002d01   Thumb Code    32  tasks.o(i.prvIdleTask)
    i.prvInitialiseNewTask                   0x08002d28   Section        0  tasks.o(i.prvInitialiseNewTask)
    prvInitialiseNewTask                     0x08002d29   Thumb Code   170  tasks.o(i.prvInitialiseNewTask)
    i.prvInitialiseTaskLists                 0x08002dd4   Section        0  tasks.o(i.prvInitialiseTaskLists)
    prvInitialiseTaskLists                   0x08002dd5   Thumb Code    70  tasks.o(i.prvInitialiseTaskLists)
    i.prvInsertBlockIntoFreeList             0x08002e3c   Section        0  heap_4.o(i.prvInsertBlockIntoFreeList)
    prvInsertBlockIntoFreeList               0x08002e3d   Thumb Code    96  heap_4.o(i.prvInsertBlockIntoFreeList)
    i.prvResetNextTaskUnblockTime            0x08002ea4   Section        0  tasks.o(i.prvResetNextTaskUnblockTime)
    prvResetNextTaskUnblockTime              0x08002ea5   Thumb Code    42  tasks.o(i.prvResetNextTaskUnblockTime)
    i.prvTaskExitError                       0x08002ed8   Section        0  port.o(i.prvTaskExitError)
    prvTaskExitError                         0x08002ed9   Thumb Code    60  port.o(i.prvTaskExitError)
    i.ptFSM_getStateTableF                   0x08002f18   Section        0  fsm.o(i.ptFSM_getStateTableF)
    ptFSM_getStateTableF                     0x08002f19   Thumb Code     6  fsm.o(i.ptFSM_getStateTableF)
    i.pvPortMalloc                           0x08002f20   Section        0  heap_4.o(i.pvPortMalloc)
    i.pxPortInitialiseStack                  0x0800305c   Section        0  port.o(i.pxPortInitialiseStack)
    i.servoCloseF                            0x08003080   Section        0  servo.o(i.servoCloseF)
    i.servoOpenF                             0x0800308c   Section        0  servo.o(i.servoOpenF)
    i.setServoPwmPulseF                      0x08003098   Section        0  pwm.o(i.setServoPwmPulseF)
    i.signalFilterHandleF                    0x080030e8   Section        0  signal.o(i.signalFilterHandleF)
    i.signalFunctionHandleF                  0x080031fc   Section        0  signal.o(i.signalFunctionHandleF)
    i.tFSM_getCurStateF                      0x08003260   Section        0  fsm.o(i.tFSM_getCurStateF)
    tFSM_getCurStateF                        0x08003261   Thumb Code     6  fsm.o(i.tFSM_getCurStateF)
    i.uiFSM_getEventNumF                     0x08003266   Section        0  fsm.o(i.uiFSM_getEventNumF)
    uiFSM_getEventNumF                       0x08003267   Thumb Code     6  fsm.o(i.uiFSM_getEventNumF)
    i.uiFSM_getStateNumF                     0x0800326c   Section        0  fsm.o(i.uiFSM_getStateNumF)
    uiFSM_getStateNumF                       0x0800326d   Thumb Code     6  fsm.o(i.uiFSM_getStateNumF)
    i.uxListRemove                           0x08003272   Section        0  list.o(i.uxListRemove)
    i.vFSM_EventHandleF                      0x0800329a   Section        0  fsm.o(i.vFSM_EventHandleF)
    i.vFSM_MoveStateF                        0x0800331a   Section        0  fsm.o(i.vFSM_MoveStateF)
    vFSM_MoveStateF                          0x0800331b   Thumb Code     4  fsm.o(i.vFSM_MoveStateF)
    i.vFSM_RegistF                           0x0800331e   Section        0  fsm.o(i.vFSM_RegistF)
    i.vListInitialise                        0x0800332c   Section        0  list.o(i.vListInitialise)
    i.vListInitialiseItem                    0x08003346   Section        0  list.o(i.vListInitialiseItem)
    i.vListInsert                            0x0800334c   Section        0  list.o(i.vListInsert)
    i.vListInsertEnd                         0x08003380   Section        0  list.o(i.vListInsertEnd)
    i.vMotorTaskInit                         0x08003398   Section        0  motortask.o(i.vMotorTaskInit)
    vMotorTaskInit                           0x08003399   Thumb Code    46  motortask.o(i.vMotorTaskInit)
    i.vMotorTaskLoop                         0x080033dc   Section        0  motortask.o(i.vMotorTaskLoop)
    vMotorTaskLoop                           0x080033dd   Thumb Code    22  motortask.o(i.vMotorTaskLoop)
    i.vPortEnterCritical                     0x080033fc   Section        0  port.o(i.vPortEnterCritical)
    i.vPortExitCritical                      0x08003450   Section        0  port.o(i.vPortExitCritical)
    i.vPortFree                              0x0800348c   Section        0  heap_4.o(i.vPortFree)
    i.vPortSetupTimerInterrupt               0x08003520   Section        0  port.o(i.vPortSetupTimerInterrupt)
    i.vResetHandleF                          0x08003540   Section        0  motortask.o(i.vResetHandleF)
    vResetHandleF                            0x08003541   Thumb Code    38  motortask.o(i.vResetHandleF)
    i.vRstChkHandleF                         0x0800357c   Section        0  motortask.o(i.vRstChkHandleF)
    vRstChkHandleF                           0x0800357d   Thumb Code    22  motortask.o(i.vRstChkHandleF)
    i.vRunHandleF                            0x080035a4   Section        0  motortask.o(i.vRunHandleF)
    vRunHandleF                              0x080035a5   Thumb Code    38  motortask.o(i.vRunHandleF)
    i.vServoOffHandleF                       0x080035e0   Section        0  motortask.o(i.vServoOffHandleF)
    vServoOffHandleF                         0x080035e1   Thumb Code    28  motortask.o(i.vServoOffHandleF)
    i.vServoOnHandleF                        0x0800360c   Section        0  motortask.o(i.vServoOnHandleF)
    vServoOnHandleF                          0x0800360d   Thumb Code    52  motortask.o(i.vServoOnHandleF)
    i.vStopHandleF                           0x08003658   Section        0  motortask.o(i.vStopHandleF)
    vStopHandleF                             0x08003659   Thumb Code    32  motortask.o(i.vStopHandleF)
    i.vTaskDelay                             0x08003690   Section        0  tasks.o(i.vTaskDelay)
    i.vTaskStartScheduler                    0x080036ec   Section        0  tasks.o(i.vTaskStartScheduler)
    i.vTaskSuspendAll                        0x08003774   Section        0  tasks.o(i.vTaskSuspendAll)
    i.vTaskSwitchContext                     0x08003784   Section        0  tasks.o(i.vTaskSwitchContext)
    i.xPortStartScheduler                    0x08003810   Section        0  port.o(i.xPortStartScheduler)
    i.xPortSysTickHandler                    0x080038b0   Section        0  port.o(i.xPortSysTickHandler)
    i.xTaskCreate                            0x080038e4   Section        0  tasks.o(i.xTaskCreate)
    i.xTaskGetSchedulerState                 0x08003944   Section        0  tasks.o(i.xTaskGetSchedulerState)
    i.xTaskIncrementTick                     0x08003964   Section        0  tasks.o(i.xTaskIncrementTick)
    i.xTaskResumeAll                         0x08003aac   Section        0  tasks.o(i.xTaskResumeAll)
    .constdata                               0x08003bb0   Section       40  main.o(.constdata)
    .constdata                               0x08003bd8   Section       16  system_stm32f1xx.o(.constdata)
    .constdata                               0x08003be8   Section        8  system_stm32f1xx.o(.constdata)
    .constdata                               0x08003bf0   Section       87  motortask.o(.constdata)
    __FUNCTION__                             0x08003bf0   Data          13  motortask.o(.constdata)
    __FUNCTION__                             0x08003bfd   Data          12  motortask.o(.constdata)
    __FUNCTION__                             0x08003c09   Data          17  motortask.o(.constdata)
    __FUNCTION__                             0x08003c1a   Data          16  motortask.o(.constdata)
    __FUNCTION__                             0x08003c2a   Data          14  motortask.o(.constdata)
    __FUNCTION__                             0x08003c38   Data          15  motortask.o(.constdata)
    .constdata                               0x08003c47   Section       22  signal.o(.constdata)
    __FUNCTION__                             0x08003c47   Data          22  signal.o(.constdata)
    .conststring                             0x08003c60   Section       24  main.o(.conststring)
    .data                                    0x20000000   Section        9  stm32f1xx_hal.o(.data)
    .data                                    0x2000000c   Section       16  main.o(.data)
    .data                                    0x2000001c   Section       24  heap_4.o(.data)
    xStart                                   0x2000001c   Data           8  heap_4.o(.data)
    pxEnd                                    0x20000024   Data           4  heap_4.o(.data)
    xFreeBytesRemaining                      0x20000028   Data           4  heap_4.o(.data)
    xMinimumEverFreeBytesRemaining           0x2000002c   Data           4  heap_4.o(.data)
    xBlockAllocatedBit                       0x20000030   Data           4  heap_4.o(.data)
    .data                                    0x20000034   Section       12  port.o(.data)
    uxCriticalNesting                        0x20000034   Data           4  port.o(.data)
    ucMaxSysCallPriority                     0x20000038   Data           1  port.o(.data)
    ulMaxPRIGROUPValue                       0x2000003c   Data           4  port.o(.data)
    .data                                    0x20000040   Section       60  tasks.o(.data)
    pxDelayedTaskList                        0x20000044   Data           4  tasks.o(.data)
    pxOverflowDelayedTaskList                0x20000048   Data           4  tasks.o(.data)
    uxDeletedTasksWaitingCleanUp             0x2000004c   Data           4  tasks.o(.data)
    uxCurrentNumberOfTasks                   0x20000050   Data           4  tasks.o(.data)
    xTickCount                               0x20000054   Data           4  tasks.o(.data)
    uxTopReadyPriority                       0x20000058   Data           4  tasks.o(.data)
    xSchedulerRunning                        0x2000005c   Data           4  tasks.o(.data)
    uxPendedTicks                            0x20000060   Data           4  tasks.o(.data)
    xYieldPending                            0x20000064   Data           4  tasks.o(.data)
    xNumOfOverflows                          0x20000068   Data           4  tasks.o(.data)
    uxTaskNumber                             0x2000006c   Data           4  tasks.o(.data)
    xNextTaskUnblockTime                     0x20000070   Data           4  tasks.o(.data)
    xIdleTaskHandle                          0x20000074   Data           4  tasks.o(.data)
    uxSchedulerSuspended                     0x20000078   Data           4  tasks.o(.data)
    .data                                    0x2000007c   Section        4  system_stm32f1xx.o(.data)
    .data                                    0x20000080   Section      236  motortask.o(.data)
    move2StopTable                           0x20000094   Data           8  motortask.o(.data)
    move2RunTable                            0x2000009c   Data           8  motortask.o(.data)
    move2ServoOffTable                       0x200000a4   Data           8  motortask.o(.data)
    move2ServoOnTable                        0x200000ac   Data           8  motortask.o(.data)
    move2RstTable                            0x200000b4   Data           8  motortask.o(.data)
    move2RstChkTable                         0x200000bc   Data           8  motortask.o(.data)
    motorStopActTable                        0x200000c4   Data          16  motortask.o(.data)
    motorRunActTable                         0x200000d4   Data          16  motortask.o(.data)
    motorServoOffActTable                    0x200000e4   Data          24  motortask.o(.data)
    motorServoOnActTable                     0x200000fc   Data          24  motortask.o(.data)
    motorResetActTable                       0x20000114   Data          16  motortask.o(.data)
    motorResetChkActTable                    0x20000124   Data           8  motortask.o(.data)
    .data                                    0x2000016c   Section       96  signal.o(.data)
    .data                                    0x200001cc   Section        2  pin.o(.data)
    .data                                    0x200001ce   Section        4  command.o(.data)
    .data                                    0x200001d4   Section        4  stdout.o(.data)
    .bss                                     0x200001d8   Section      340  main.o(.bss)
    .bss                                     0x2000032c   Section     3072  heap_4.o(.bss)
    ucHeap                                   0x2000032c   Data        3072  heap_4.o(.bss)
    .bss                                     0x20000f2c   Section      240  tasks.o(.bss)
    pxReadyTasksLists                        0x20000f2c   Data         140  tasks.o(.bss)
    xDelayedTaskList1                        0x20000fb8   Data          20  tasks.o(.bss)
    xDelayedTaskList2                        0x20000fcc   Data          20  tasks.o(.bss)
    xPendingReadyList                        0x20000fe0   Data          20  tasks.o(.bss)
    xTasksWaitingTermination                 0x20000ff4   Data          20  tasks.o(.bss)
    xSuspendedTaskList                       0x20001008   Data          20  tasks.o(.bss)
    .bss                                     0x2000101c   Section       16  motortask.o(.bss)
    .bss                                     0x2000102c   Section       64  command.o(.bss)
    STACK                                    0x20001070   Section     1024  startup_stm32f103xb.o(STACK)

    Global Symbols

    Symbol Name                              Value     Ov Type        Size  Object(Section)

    BuildAttributes$$THM_ISAv4$P$D$K$B$S$PE$A:L22UL41UL21$X:L11$S22US41US21$IEEE1$IW$USESV6$~STKCKD$USESV7$~SHL$OTIME$ROPI$EBA8$MICROLIB$REQ8$PRES8$EABIv2 0x00000000   Number         0  anon$$obj.o ABSOLUTE
    __ARM_use_no_argv                        0x00000000   Number         0  main.o ABSOLUTE
    _printf_a                                0x00000000   Number         0  stubs.o ABSOLUTE
    _printf_c                                0x00000000   Number         0  stubs.o ABSOLUTE
    _printf_charcount                        0x00000000   Number         0  stubs.o ABSOLUTE
    _printf_d                                0x00000000   Number         0  stubs.o ABSOLUTE
    _printf_e                                0x00000000   Number         0  stubs.o ABSOLUTE
    _printf_f                                0x00000000   Number         0  stubs.o ABSOLUTE
    _printf_flags                            0x00000000   Number         0  stubs.o ABSOLUTE
    _printf_fp_dec                           0x00000000   Number         0  stubs.o ABSOLUTE
    _printf_fp_hex                           0x00000000   Number         0  stubs.o ABSOLUTE
    _printf_g                                0x00000000   Number         0  stubs.o ABSOLUTE
    _printf_i                                0x00000000   Number         0  stubs.o ABSOLUTE
    _printf_int_dec                          0x00000000   Number         0  stubs.o ABSOLUTE
    _printf_l                                0x00000000   Number         0  stubs.o ABSOLUTE
    _printf_lc                               0x00000000   Number         0  stubs.o ABSOLUTE
    _printf_ll                               0x00000000   Number         0  stubs.o ABSOLUTE
    _printf_lld                              0x00000000   Number         0  stubs.o ABSOLUTE
    _printf_lli                              0x00000000   Number         0  stubs.o ABSOLUTE
    _printf_llo                              0x00000000   Number         0  stubs.o ABSOLUTE
    _printf_llu                              0x00000000   Number         0  stubs.o ABSOLUTE
    _printf_llx                              0x00000000   Number         0  stubs.o ABSOLUTE
    _printf_longlong_dec                     0x00000000   Number         0  stubs.o ABSOLUTE
    _printf_longlong_hex                     0x00000000   Number         0  stubs.o ABSOLUTE
    _printf_longlong_oct                     0x00000000   Number         0  stubs.o ABSOLUTE
    _printf_ls                               0x00000000   Number         0  stubs.o ABSOLUTE
    _printf_mbtowc                           0x00000000   Number         0  stubs.o ABSOLUTE
    _printf_n                                0x00000000   Number         0  stubs.o ABSOLUTE
    _printf_o                                0x00000000   Number         0  stubs.o ABSOLUTE
    _printf_p                                0x00000000   Number         0  stubs.o ABSOLUTE
    _printf_percent                          0x00000000   Number         0  stubs.o ABSOLUTE
    _printf_pre_padding                      0x00000000   Number         0  stubs.o ABSOLUTE
    _printf_return_value                     0x00000000   Number         0  stubs.o ABSOLUTE
    _printf_s                                0x00000000   Number         0  stubs.o ABSOLUTE
    _printf_sizespec                         0x00000000   Number         0  stubs.o ABSOLUTE
    _printf_str                              0x00000000   Number         0  stubs.o ABSOLUTE
    _printf_truncate_signed                  0x00000000   Number         0  stubs.o ABSOLUTE
    _printf_truncate_unsigned                0x00000000   Number         0  stubs.o ABSOLUTE
    _printf_u                                0x00000000   Number         0  stubs.o ABSOLUTE
    _printf_wc                               0x00000000   Number         0  stubs.o ABSOLUTE
    _printf_wctomb                           0x00000000   Number         0  stubs.o ABSOLUTE
    _printf_widthprec                        0x00000000   Number         0  stubs.o ABSOLUTE
    _printf_x                                0x00000000   Number         0  stubs.o ABSOLUTE
    __cpp_initialize__aeabi_                  - Undefined Weak Reference
    __cxa_finalize                            - Undefined Weak Reference
    _clock_init                               - Undefined Weak Reference
    _microlib_exit                            - Undefined Weak Reference
    __Vectors_Size                           0x000000ec   Number         0  startup_stm32f103xb.o ABSOLUTE
    __Vectors                                0x08000000   Data           4  startup_stm32f103xb.o(RESET)
    __Vectors_End                            0x080000ec   Data           0  startup_stm32f103xb.o(RESET)
    __main                                   0x080000ed   Thumb Code     0  entry.o(.ARM.Collect$$$$00000000)
    _main_stk                                0x080000ed   Thumb Code     0  entry2.o(.ARM.Collect$$$$00000001)
    _main_scatterload                        0x080000f1   Thumb Code     0  entry5.o(.ARM.Collect$$$$00000004)
    __main_after_scatterload                 0x080000f5   Thumb Code     0  entry5.o(.ARM.Collect$$$$00000004)
    _main_clock                              0x080000f5   Thumb Code     0  entry7b.o(.ARM.Collect$$$$00000008)
    _main_cpp_init                           0x080000f5   Thumb Code     0  entry8b.o(.ARM.Collect$$$$0000000A)
    _main_init                               0x080000f5   Thumb Code     0  entry9a.o(.ARM.Collect$$$$0000000B)
    __rt_final_cpp                           0x080000fd   Thumb Code     0  entry10a.o(.ARM.Collect$$$$0000000D)
    __rt_final_exit                          0x080000fd   Thumb Code     0  entry11a.o(.ARM.Collect$$$$0000000F)
    SVC_Handler                              0x08000101   Thumb Code    32  port.o(.emb_text)
    __asm___6_port_c_39a90d8d__prvStartFirstTask 0x08000125   Thumb Code    28  port.o(.emb_text)
    PendSV_Handler                           0x08000145   Thumb Code    72  port.o(.emb_text)
    vPortGetIPSR                             0x08000191   Thumb Code     6  port.o(.emb_text)
    Reset_Handler                            0x08000199   Thumb Code     8  startup_stm32f103xb.o(.text)
    ADC1_2_IRQHandler                        0x080001b3   Thumb Code     0  startup_stm32f103xb.o(.text)
    CAN1_RX1_IRQHandler                      0x080001b3   Thumb Code     0  startup_stm32f103xb.o(.text)
    CAN1_SCE_IRQHandler                      0x080001b3   Thumb Code     0  startup_stm32f103xb.o(.text)
    DMA1_Channel1_IRQHandler                 0x080001b3   Thumb Code     0  startup_stm32f103xb.o(.text)
    DMA1_Channel2_IRQHandler                 0x080001b3   Thumb Code     0  startup_stm32f103xb.o(.text)
    DMA1_Channel3_IRQHandler                 0x080001b3   Thumb Code     0  startup_stm32f103xb.o(.text)
    DMA1_Channel4_IRQHandler                 0x080001b3   Thumb Code     0  startup_stm32f103xb.o(.text)
    DMA1_Channel5_IRQHandler                 0x080001b3   Thumb Code     0  startup_stm32f103xb.o(.text)
    DMA1_Channel6_IRQHandler                 0x080001b3   Thumb Code     0  startup_stm32f103xb.o(.text)
    DMA1_Channel7_IRQHandler                 0x080001b3   Thumb Code     0  startup_stm32f103xb.o(.text)
    EXTI0_IRQHandler                         0x080001b3   Thumb Code     0  startup_stm32f103xb.o(.text)
    EXTI1_IRQHandler                         0x080001b3   Thumb Code     0  startup_stm32f103xb.o(.text)
    EXTI2_IRQHandler                         0x080001b3   Thumb Code     0  startup_stm32f103xb.o(.text)
    EXTI3_IRQHandler                         0x080001b3   Thumb Code     0  startup_stm32f103xb.o(.text)
    FLASH_IRQHandler                         0x080001b3   Thumb Code     0  startup_stm32f103xb.o(.text)
    I2C1_ER_IRQHandler                       0x080001b3   Thumb Code     0  startup_stm32f103xb.o(.text)
    I2C1_EV_IRQHandler                       0x080001b3   Thumb Code     0  startup_stm32f103xb.o(.text)
    I2C2_ER_IRQHandler                       0x080001b3   Thumb Code     0  startup_stm32f103xb.o(.text)
    I2C2_EV_IRQHandler                       0x080001b3   Thumb Code     0  startup_stm32f103xb.o(.text)
    PVD_IRQHandler                           0x080001b3   Thumb Code     0  startup_stm32f103xb.o(.text)
    RCC_IRQHandler                           0x080001b3   Thumb Code     0  startup_stm32f103xb.o(.text)
    RTC_Alarm_IRQHandler                     0x080001b3   Thumb Code     0  startup_stm32f103xb.o(.text)
    RTC_IRQHandler                           0x080001b3   Thumb Code     0  startup_stm32f103xb.o(.text)
    SPI1_IRQHandler                          0x080001b3   Thumb Code     0  startup_stm32f103xb.o(.text)
    SPI2_IRQHandler                          0x080001b3   Thumb Code     0  startup_stm32f103xb.o(.text)
    TAMPER_IRQHandler                        0x080001b3   Thumb Code     0  startup_stm32f103xb.o(.text)
    TIM1_BRK_IRQHandler                      0x080001b3   Thumb Code     0  startup_stm32f103xb.o(.text)
    TIM1_CC_IRQHandler                       0x080001b3   Thumb Code     0  startup_stm32f103xb.o(.text)
    TIM1_TRG_COM_IRQHandler                  0x080001b3   Thumb Code     0  startup_stm32f103xb.o(.text)
    TIM1_UP_IRQHandler                       0x080001b3   Thumb Code     0  startup_stm32f103xb.o(.text)
    TIM2_IRQHandler                          0x080001b3   Thumb Code     0  startup_stm32f103xb.o(.text)
    TIM3_IRQHandler                          0x080001b3   Thumb Code     0  startup_stm32f103xb.o(.text)
    TIM4_IRQHandler                          0x080001b3   Thumb Code     0  startup_stm32f103xb.o(.text)
    USART1_IRQHandler                        0x080001b3   Thumb Code     0  startup_stm32f103xb.o(.text)
    USART2_IRQHandler                        0x080001b3   Thumb Code     0  startup_stm32f103xb.o(.text)
    USART3_IRQHandler                        0x080001b3   Thumb Code     0  startup_stm32f103xb.o(.text)
    USBWakeUp_IRQHandler                     0x080001b3   Thumb Code     0  startup_stm32f103xb.o(.text)
    USB_HP_CAN1_TX_IRQHandler                0x080001b3   Thumb Code     0  startup_stm32f103xb.o(.text)
    USB_LP_CAN1_RX0_IRQHandler               0x080001b3   Thumb Code     0  startup_stm32f103xb.o(.text)
    WWDG_IRQHandler                          0x080001b3   Thumb Code     0  startup_stm32f103xb.o(.text)
    __aeabi_memcpy                           0x080001bd   Thumb Code    36  memcpya.o(.text)
    __aeabi_memcpy4                          0x080001bd   Thumb Code     0  memcpya.o(.text)
    __aeabi_memcpy8                          0x080001bd   Thumb Code     0  memcpya.o(.text)
    __scatterload                            0x080001e1   Thumb Code    28  init.o(.text)
    __scatterload_rt2                        0x080001e1   Thumb Code     0  init.o(.text)
    __decompress                             0x08000205   Thumb Code     0  __dczerorl2.o(.text)
    __decompress1                            0x08000205   Thumb Code    86  __dczerorl2.o(.text)
    BusFault_Handler                         0x0800025b   Thumb Code     4  stm32f1xx_it.o(i.BusFault_Handler)
    DebugMon_Handler                         0x0800025f   Thumb Code     2  stm32f1xx_it.o(i.DebugMon_Handler)
    EXTI15_10_IRQHandler                     0x08000261   Thumb Code    20  stm32f1xx_it.o(i.EXTI15_10_IRQHandler)
    EXTI4_IRQHandler                         0x08000275   Thumb Code    10  stm32f1xx_it.o(i.EXTI4_IRQHandler)
    EXTI9_5_IRQHandler                       0x0800027f   Thumb Code    10  stm32f1xx_it.o(i.EXTI9_5_IRQHandler)
    HAL_GPIO_EXTI_Callback                   0x08000289   Thumb Code   294  signal.o(i.HAL_GPIO_EXTI_Callback)
    HAL_GPIO_EXTI_IRQHandler                 0x080003c1   Thumb Code    24  stm32f1xx_hal_gpio.o(i.HAL_GPIO_EXTI_IRQHandler)
    HAL_GPIO_Init                            0x080003dd   Thumb Code   764  stm32f1xx_hal_gpio.o(i.HAL_GPIO_Init)
    HAL_GPIO_ReadPin                         0x080006f9   Thumb Code    16  stm32f1xx_hal_gpio.o(i.HAL_GPIO_ReadPin)
    HAL_GPIO_WritePin                        0x08000709   Thumb Code    12  stm32f1xx_hal_gpio.o(i.HAL_GPIO_WritePin)
    HAL_GetTick                              0x08000715   Thumb Code     6  stm32f1xx_hal.o(i.HAL_GetTick)
    HAL_IncTick                              0x08000721   Thumb Code    16  stm32f1xx_hal.o(i.HAL_IncTick)
    HAL_Init                                 0x08000739   Thumb Code    34  stm32f1xx_hal.o(i.HAL_Init)
    HAL_InitTick                             0x08000761   Thumb Code    64  stm32f1xx_hal.o(i.HAL_InitTick)
    HAL_MspInit                              0x080007ad   Thumb Code   132  stm32f1xx_hal_msp.o(i.HAL_MspInit)
    HAL_NVIC_EnableIRQ                       0x08000839   Thumb Code    26  stm32f1xx_hal_cortex.o(i.HAL_NVIC_EnableIRQ)
    HAL_NVIC_SetPriority                     0x08000853   Thumb Code   124  stm32f1xx_hal_cortex.o(i.HAL_NVIC_SetPriority)
    HAL_NVIC_SetPriorityGrouping             0x080008d1   Thumb Code    32  stm32f1xx_hal_cortex.o(i.HAL_NVIC_SetPriorityGrouping)
    HAL_PWR_EnableBkUpAccess                 0x080008f9   Thumb Code     8  stm32f1xx_hal_pwr.o(i.HAL_PWR_EnableBkUpAccess)
    HAL_RCCEx_GetPeriphCLKFreq               0x08000905   Thumb Code   254  stm32f1xx_hal_rcc_ex.o(i.HAL_RCCEx_GetPeriphCLKFreq)
    HAL_RCCEx_PeriphCLKConfig                0x08000a25   Thumb Code   290  stm32f1xx_hal_rcc_ex.o(i.HAL_RCCEx_PeriphCLKConfig)
    HAL_RCC_ClockConfig                      0x08000b55   Thumb Code   402  stm32f1xx_hal_rcc.o(i.HAL_RCC_ClockConfig)
    HAL_RCC_GetHCLKFreq                      0x08000cf9   Thumb Code     6  stm32f1xx_hal_rcc.o(i.HAL_RCC_GetHCLKFreq)
    HAL_RCC_GetPCLK1Freq                     0x08000d05   Thumb Code    22  stm32f1xx_hal_rcc.o(i.HAL_RCC_GetPCLK1Freq)
    HAL_RCC_GetPCLK2Freq                     0x08000d25   Thumb Code    22  stm32f1xx_hal_rcc.o(i.HAL_RCC_GetPCLK2Freq)
    HAL_RCC_GetSysClockFreq                  0x08000d45   Thumb Code   116  stm32f1xx_hal_rcc.o(i.HAL_RCC_GetSysClockFreq)
    HAL_RCC_OscConfig                        0x08000dd9   Thumb Code  1078  stm32f1xx_hal_rcc.o(i.HAL_RCC_OscConfig)
    HAL_RTC_Init                             0x08001219   Thumb Code   202  stm32f1xx_hal_rtc.o(i.HAL_RTC_Init)
    HAL_RTC_MspInit                          0x080012e9   Thumb Code    52  stm32f1xx_hal_msp.o(i.HAL_RTC_MspInit)
    HAL_RTC_WaitForSynchro                   0x08001329   Thumb Code    64  stm32f1xx_hal_rtc.o(i.HAL_RTC_WaitForSynchro)
    HAL_SYSTICK_CLKSourceConfig              0x08001369   Thumb Code    40  stm32f1xx_hal_cortex.o(i.HAL_SYSTICK_CLKSourceConfig)
    HAL_SYSTICK_Config                       0x08001391   Thumb Code    52  stm32f1xx_hal_cortex.o(i.HAL_SYSTICK_Config)
    HAL_TIMEx_ConfigBreakDeadTime            0x080013c5   Thumb Code   126  stm32f1xx_hal_tim_ex.o(i.HAL_TIMEx_ConfigBreakDeadTime)
    HAL_TIMEx_MasterConfigSynchronization    0x08001443   Thumb Code    98  stm32f1xx_hal_tim_ex.o(i.HAL_TIMEx_MasterConfigSynchronization)
    HAL_TIM_Base_Init                        0x080014a5   Thumb Code    52  stm32f1xx_hal_tim.o(i.HAL_TIM_Base_Init)
    HAL_TIM_Base_MspInit                     0x080014d9   Thumb Code   112  stm32f1xx_hal_msp.o(i.HAL_TIM_Base_MspInit)
    HAL_TIM_Base_Start                       0x08001559   Thumb Code    30  stm32f1xx_hal_tim.o(i.HAL_TIM_Base_Start)
    HAL_TIM_ConfigClockSource                0x08001577   Thumb Code   306  stm32f1xx_hal_tim.o(i.HAL_TIM_ConfigClockSource)
    HAL_TIM_MspPostInit                      0x080016a9   Thumb Code    60  stm32f1xx_hal_msp.o(i.HAL_TIM_MspPostInit)
    HAL_TIM_PWM_ConfigChannel                0x080016ed   Thumb Code   264  stm32f1xx_hal_tim.o(i.HAL_TIM_PWM_ConfigChannel)
    HAL_TIM_PWM_Init                         0x080017f5   Thumb Code    52  stm32f1xx_hal_tim.o(i.HAL_TIM_PWM_Init)
    HAL_TIM_PWM_MspInit                      0x08001829   Thumb Code    40  stm32f1xx_hal_msp.o(i.HAL_TIM_PWM_MspInit)
    HAL_TIM_PWM_Start                        0x08001855   Thumb Code    60  stm32f1xx_hal_tim.o(i.HAL_TIM_PWM_Start)
    HAL_TIM_PWM_Stop                         0x08001895   Thumb Code   118  stm32f1xx_hal_tim.o(i.HAL_TIM_PWM_Stop)
    HAL_UART_Init                            0x08001911   Thumb Code   114  stm32f1xx_hal_uart.o(i.HAL_UART_Init)
    HAL_UART_MspInit                         0x08001985   Thumb Code   102  stm32f1xx_hal_msp.o(i.HAL_UART_MspInit)
    HAL_UART_Transmit                        0x080019fd   Thumb Code   214  stm32f1xx_hal_uart.o(i.HAL_UART_Transmit)
    HardFault_Handler                        0x08001ad3   Thumb Code     4  stm32f1xx_it.o(i.HardFault_Handler)
    MemManage_Handler                        0x08001f15   Thumb Code     4  stm32f1xx_it.o(i.MemManage_Handler)
    NMI_Handler                              0x08001f19   Thumb Code     2  stm32f1xx_it.o(i.NMI_Handler)
    StartDefaultTask                         0x08001ff1   Thumb Code    48  main.o(i.StartDefaultTask)
    SysTick_Handler                          0x0800202d   Thumb Code    20  stm32f1xx_it.o(i.SysTick_Handler)
    SystemClock_Config                       0x08002041   Thumb Code   134  main.o(i.SystemClock_Config)
    SystemInit                               0x080020d9   Thumb Code    56  system_stm32f1xx.o(i.SystemInit)
    TIM_Base_SetConfig                       0x08002121   Thumb Code   102  stm32f1xx_hal_tim.o(i.TIM_Base_SetConfig)
    TIM_CCxChannelCmd                        0x08002195   Thumb Code    28  stm32f1xx_hal_tim.o(i.TIM_CCxChannelCmd)
    TIM_OC2_SetConfig                        0x08002241   Thumb Code   106  stm32f1xx_hal_tim.o(i.TIM_OC2_SetConfig)
    UsageFault_Handler                       0x080025f9   Thumb Code     4  stm32f1xx_it.o(i.UsageFault_Handler)
    _Error_Handler                           0x080025fd   Thumb Code     4  main.o(i._Error_Handler)
    __0printf$2                              0x08002601   Thumb Code    22  printf2.o(i.__0printf$2)
    __1printf$2                              0x08002601   Thumb Code     0  printf2.o(i.__0printf$2)
    __2printf                                0x08002601   Thumb Code     0  printf2.o(i.__0printf$2)
    __scatterload_copy                       0x08002621   Thumb Code    14  handlers.o(i.__scatterload_copy)
    __scatterload_null                       0x0800262f   Thumb Code     2  handlers.o(i.__scatterload_null)
    __scatterload_zeroinit                   0x08002631   Thumb Code    14  handlers.o(i.__scatterload_zeroinit)
    addCmd2ListF                             0x08002715   Thumb Code    62  command.o(i.addCmd2ListF)
    fputc                                    0x0800275d   Thumb Code    22  debug.o(i.fputc)
    getCurrentCmdF                           0x08002779   Thumb Code    64  command.o(i.getCurrentCmdF)
    iGetEventF                               0x080027c1   Thumb Code   294  motortask.o(i.iGetEventF)
    isResetPinCheckedF                       0x08002915   Thumb Code    38  pin.o(i.isResetPinCheckedF)
    isStopPinCheckedF                        0x08002945   Thumb Code    38  pin.o(i.isStopPinCheckedF)
    main                                     0x08002975   Thumb Code    92  main.o(i.main)
    motorBackRunF                            0x080029ed   Thumb Code    26  pin.o(i.motorBackRunF)
    motorRunF                                0x08002a0d   Thumb Code    26  pin.o(i.motorRunF)
    motorStopF                               0x08002a2d   Thumb Code    24  pin.o(i.motorStopF)
    motorTaskF                               0x08002a49   Thumb Code    18  motortask.o(i.motorTaskF)
    osDelay                                  0x08002a6d   Thumb Code    24  cmsis_os.o(i.osDelay)
    osKernelStart                            0x08002a85   Thumb Code    10  cmsis_os.o(i.osKernelStart)
    osThreadCreate                           0x08002a8f   Thumb Code    48  cmsis_os.o(i.osThreadCreate)
    pvPortMalloc                             0x08002f21   Thumb Code   296  heap_4.o(i.pvPortMalloc)
    pxPortInitialiseStack                    0x0800305d   Thumb Code    30  port.o(i.pxPortInitialiseStack)
    servoCloseF                              0x08003081   Thumb Code    12  servo.o(i.servoCloseF)
    servoOpenF                               0x0800308d   Thumb Code    12  servo.o(i.servoOpenF)
    setServoPwmPulseF                        0x08003099   Thumb Code    76  pwm.o(i.setServoPwmPulseF)
    signalFilterHandleF                      0x080030e9   Thumb Code   270  signal.o(i.signalFilterHandleF)
    signalFunctionHandleF                    0x080031fd   Thumb Code    88  signal.o(i.signalFunctionHandleF)
    uxListRemove                             0x08003273   Thumb Code    40  list.o(i.uxListRemove)
    vFSM_EventHandleF                        0x0800329b   Thumb Code   128  fsm.o(i.vFSM_EventHandleF)
    vFSM_RegistF                             0x0800331f   Thumb Code    14  fsm.o(i.vFSM_RegistF)
    vListInitialise                          0x0800332d   Thumb Code    26  list.o(i.vListInitialise)
    vListInitialiseItem                      0x08003347   Thumb Code     6  list.o(i.vListInitialiseItem)
    vListInsert                              0x0800334d   Thumb Code    52  list.o(i.vListInsert)
    vListInsertEnd                           0x08003381   Thumb Code    24  list.o(i.vListInsertEnd)
    vPortEnterCritical                       0x080033fd   Thumb Code    76  port.o(i.vPortEnterCritical)
    vPortExitCritical                        0x08003451   Thumb Code    56  port.o(i.vPortExitCritical)
    vPortFree                                0x0800348d   Thumb Code   140  heap_4.o(i.vPortFree)
    vPortSetupTimerInterrupt                 0x08003521   Thumb Code    26  port.o(i.vPortSetupTimerInterrupt)
    vTaskDelay                               0x08003691   Thumb Code    82  tasks.o(i.vTaskDelay)
    vTaskStartScheduler                      0x080036ed   Thumb Code   108  tasks.o(i.vTaskStartScheduler)
    vTaskSuspendAll                          0x08003775   Thumb Code    12  tasks.o(i.vTaskSuspendAll)
    vTaskSwitchContext                       0x08003785   Thumb Code   118  tasks.o(i.vTaskSwitchContext)
    xPortStartScheduler                      0x08003811   Thumb Code   140  port.o(i.xPortStartScheduler)
    xPortSysTickHandler                      0x080038b1   Thumb Code    46  port.o(i.xPortSysTickHandler)
    xTaskCreate                              0x080038e5   Thumb Code    96  tasks.o(i.xTaskCreate)
    xTaskGetSchedulerState                   0x08003945   Thumb Code    24  tasks.o(i.xTaskGetSchedulerState)
    xTaskIncrementTick                       0x08003965   Thumb Code   282  tasks.o(i.xTaskIncrementTick)
    xTaskResumeAll                           0x08003aad   Thumb Code   224  tasks.o(i.xTaskResumeAll)
    AHBPrescTable                            0x08003bd8   Data          16  system_stm32f1xx.o(.constdata)
    APBPrescTable                            0x08003be8   Data           8  system_stm32f1xx.o(.constdata)
    Region$$Table$$Base                      0x08003c78   Number         0  anon$$obj.o(Region$$Table)
    Region$$Table$$Limit                     0x08003c98   Number         0  anon$$obj.o(Region$$Table)
    uwTick                                   0x20000000   Data           4  stm32f1xx_hal.o(.data)
    uwTickPrio                               0x20000004   Data           4  stm32f1xx_hal.o(.data)
    uwTickFreq                               0x20000008   Data           1  stm32f1xx_hal.o(.data)
    defaultTaskHandle                        0x2000000c   Data           4  main.o(.data)
    motorTaskHandle                          0x20000010   Data           4  main.o(.data)
    timer                                    0x20000014   Data           4  main.o(.data)
    testCnt                                  0x20000018   Data           4  main.o(.data)
    pxCurrentTCB                             0x20000040   Data           4  tasks.o(.data)
    SystemCoreClock                          0x2000007c   Data           4  system_stm32f1xx.o(.data)
    stopTick                                 0x20000080   Data           4  motortask.o(.data)
    stopDiffTick                             0x20000084   Data           4  motortask.o(.data)
    runStartTick                             0x20000088   Data           4  motortask.o(.data)
    runDiffTick                              0x2000008c   Data           4  motortask.o(.data)
    switchOffFlag                            0x20000090   Data           1  motortask.o(.data)
    motorStateTable                          0x2000012c   Data          48  motortask.o(.data)
    sysEvent                                 0x2000015c   Data           4  motortask.o(.data)
    servoTimerEnableFlag                     0x20000160   Data           1  motortask.o(.data)
    runEnableFlag                            0x20000161   Data           1  motortask.o(.data)
    resetEnableFlag                          0x20000162   Data           1  motortask.o(.data)
    servoEnableFlag                          0x20000163   Data           1  motortask.o(.data)
    servoTime                                0x20000164   Data           4  motortask.o(.data)
    diffServoTime                            0x20000168   Data           4  motortask.o(.data)
    signalListT                              0x2000016c   Data          96  signal.o(.data)
    stopCheckFlag                            0x200001cc   Data           1  pin.o(.data)
    resetCheckFlag                           0x200001cd   Data           1  pin.o(.data)
    buffPara                                 0x200001ce   Data           4  command.o(.data)
    __stdout                                 0x200001d4   Data           4  stdout.o(.data)
    hrtc                                     0x200001d8   Data          20  main.o(.bss)
    htim1                                    0x200001ec   Data          64  main.o(.bss)
    htim2                                    0x2000022c   Data          64  main.o(.bss)
    htim3                                    0x2000026c   Data          64  main.o(.bss)
    htim4                                    0x200002ac   Data          64  main.o(.bss)
    huart1                                   0x200002ec   Data          64  main.o(.bss)
    motorFSM                                 0x2000101c   Data          16  motortask.o(.bss)
    cmdListG                                 0x2000102c   Data          64  command.o(.bss)
    __initial_sp                             0x20001470   Data           0  startup_stm32f103xb.o(STACK)



==============================================================================

Memory Map of the image

  Image Entry point : 0x080000ed

  Load Region LR_IROM1 (Base: 0x08000000, Size: 0x00003e70, Max: 0x00010000, ABSOLUTE, COMPRESSED[0x00003d2c])

    Execution Region ER_IROM1 (Exec base: 0x08000000, Load base: 0x08000000, Size: 0x00003c98, Max: 0x00010000, ABSOLUTE)

    Exec Addr    Load Addr    Size         Type   Attr      Idx    E Section Name        Object

    0x08000000   0x08000000   0x000000ec   Data   RO            3    RESET               startup_stm32f103xb.o
    0x080000ec   0x080000ec   0x00000000   Code   RO         4472  * .ARM.Collect$$$$00000000  mc_w.l(entry.o)
    0x080000ec   0x080000ec   0x00000004   Code   RO         4754    .ARM.Collect$$$$00000001  mc_w.l(entry2.o)
    0x080000f0   0x080000f0   0x00000004   Code   RO         4757    .ARM.Collect$$$$00000004  mc_w.l(entry5.o)
    0x080000f4   0x080000f4   0x00000000   Code   RO         4759    .ARM.Collect$$$$00000008  mc_w.l(entry7b.o)
    0x080000f4   0x080000f4   0x00000000   Code   RO         4761    .ARM.Collect$$$$0000000A  mc_w.l(entry8b.o)
    0x080000f4   0x080000f4   0x00000008   Code   RO         4762    .ARM.Collect$$$$0000000B  mc_w.l(entry9a.o)
    0x080000fc   0x080000fc   0x00000000   Code   RO         4764    .ARM.Collect$$$$0000000D  mc_w.l(entry10a.o)
    0x080000fc   0x080000fc   0x00000000   Code   RO         4766    .ARM.Collect$$$$0000000F  mc_w.l(entry11a.o)
    0x080000fc   0x080000fc   0x00000004   Code   RO         4755    .ARM.Collect$$$$00002712  mc_w.l(entry2.o)
    0x08000100   0x08000100   0x00000096   Code   RO         2930    .emb_text           port.o
    0x08000196   0x08000196   0x00000002   PAD
    0x08000198   0x08000198   0x00000024   Code   RO            4    .text               startup_stm32f103xb.o
    0x080001bc   0x080001bc   0x00000024   Code   RO         4477    .text               mc_w.l(memcpya.o)
    0x080001e0   0x080001e0   0x00000024   Code   RO         4786    .text               mc_w.l(init.o)
    0x08000204   0x08000204   0x00000056   Code   RO         4802    .text               mc_w.l(__dczerorl2.o)
    0x0800025a   0x0800025a   0x00000004   Code   RO         2701    i.BusFault_Handler  stm32f1xx_it.o
    0x0800025e   0x0800025e   0x00000002   Code   RO         2702    i.DebugMon_Handler  stm32f1xx_it.o
    0x08000260   0x08000260   0x00000014   Code   RO         2703    i.EXTI15_10_IRQHandler  stm32f1xx_it.o
    0x08000274   0x08000274   0x0000000a   Code   RO         2704    i.EXTI4_IRQHandler  stm32f1xx_it.o
    0x0800027e   0x0800027e   0x0000000a   Code   RO         2705    i.EXTI9_5_IRQHandler  stm32f1xx_it.o
    0x08000288   0x08000288   0x00000138   Code   RO         4088    i.HAL_GPIO_EXTI_Callback  signal.o
    0x080003c0   0x080003c0   0x0000001c   Code   RO         1923    i.HAL_GPIO_EXTI_IRQHandler  stm32f1xx_hal_gpio.o
    0x080003dc   0x080003dc   0x0000031c   Code   RO         1924    i.HAL_GPIO_Init     stm32f1xx_hal_gpio.o
    0x080006f8   0x080006f8   0x00000010   Code   RO         1926    i.HAL_GPIO_ReadPin  stm32f1xx_hal_gpio.o
    0x08000708   0x08000708   0x0000000c   Code   RO         1928    i.HAL_GPIO_WritePin  stm32f1xx_hal_gpio.o
    0x08000714   0x08000714   0x0000000c   Code   RO         1630    i.HAL_GetTick       stm32f1xx_hal.o
    0x08000720   0x08000720   0x00000018   Code   RO         1634    i.HAL_IncTick       stm32f1xx_hal.o
    0x08000738   0x08000738   0x00000028   Code   RO         1635    i.HAL_Init          stm32f1xx_hal.o
    0x08000760   0x08000760   0x0000004c   Code   RO         1636    i.HAL_InitTick      stm32f1xx_hal.o
    0x080007ac   0x080007ac   0x0000008c   Code   RO         2785    i.HAL_MspInit       stm32f1xx_hal_msp.o
    0x08000838   0x08000838   0x0000001a   Code   RO         2084    i.HAL_NVIC_EnableIRQ  stm32f1xx_hal_cortex.o
    0x08000852   0x08000852   0x0000007c   Code   RO         2090    i.HAL_NVIC_SetPriority  stm32f1xx_hal_cortex.o
    0x080008ce   0x080008ce   0x00000002   PAD
    0x080008d0   0x080008d0   0x00000028   Code   RO         2091    i.HAL_NVIC_SetPriorityGrouping  stm32f1xx_hal_cortex.o
    0x080008f8   0x080008f8   0x0000000c   Code   RO         2211    i.HAL_PWR_EnableBkUpAccess  stm32f1xx_hal_pwr.o
    0x08000904   0x08000904   0x00000120   Code   RO         1886    i.HAL_RCCEx_GetPeriphCLKFreq  stm32f1xx_hal_rcc_ex.o
    0x08000a24   0x08000a24   0x00000130   Code   RO         1887    i.HAL_RCCEx_PeriphCLKConfig  stm32f1xx_hal_rcc_ex.o
    0x08000b54   0x08000b54   0x000001a4   Code   RO         1779    i.HAL_RCC_ClockConfig  stm32f1xx_hal_rcc.o
    0x08000cf8   0x08000cf8   0x0000000c   Code   RO         1784    i.HAL_RCC_GetHCLKFreq  stm32f1xx_hal_rcc.o
    0x08000d04   0x08000d04   0x00000020   Code   RO         1786    i.HAL_RCC_GetPCLK1Freq  stm32f1xx_hal_rcc.o
    0x08000d24   0x08000d24   0x00000020   Code   RO         1787    i.HAL_RCC_GetPCLK2Freq  stm32f1xx_hal_rcc.o
    0x08000d44   0x08000d44   0x00000094   Code   RO         1788    i.HAL_RCC_GetSysClockFreq  stm32f1xx_hal_rcc.o
    0x08000dd8   0x08000dd8   0x00000440   Code   RO         1791    i.HAL_RCC_OscConfig  stm32f1xx_hal_rcc.o
    0x08001218   0x08001218   0x000000d0   Code   RO          145    i.HAL_RTC_Init      stm32f1xx_hal_rtc.o
    0x080012e8   0x080012e8   0x00000040   Code   RO         2787    i.HAL_RTC_MspInit   stm32f1xx_hal_msp.o
    0x08001328   0x08001328   0x00000040   Code   RO          153    i.HAL_RTC_WaitForSynchro  stm32f1xx_hal_rtc.o
    0x08001368   0x08001368   0x00000028   Code   RO         2093    i.HAL_SYSTICK_CLKSourceConfig  stm32f1xx_hal_cortex.o
    0x08001390   0x08001390   0x00000034   Code   RO         2095    i.HAL_SYSTICK_Config  stm32f1xx_hal_cortex.o
    0x080013c4   0x080013c4   0x0000007e   Code   RO         1057    i.HAL_TIMEx_ConfigBreakDeadTime  stm32f1xx_hal_tim_ex.o
    0x08001442   0x08001442   0x00000062   Code   RO         1072    i.HAL_TIMEx_MasterConfigSynchronization  stm32f1xx_hal_tim_ex.o
    0x080014a4   0x080014a4   0x00000034   Code   RO          416    i.HAL_TIM_Base_Init  stm32f1xx_hal_tim.o
    0x080014d8   0x080014d8   0x00000080   Code   RO         2789    i.HAL_TIM_Base_MspInit  stm32f1xx_hal_msp.o
    0x08001558   0x08001558   0x0000001e   Code   RO          419    i.HAL_TIM_Base_Start  stm32f1xx_hal_tim.o
    0x08001576   0x08001576   0x00000132   Code   RO          425    i.HAL_TIM_ConfigClockSource  stm32f1xx_hal_tim.o
    0x080016a8   0x080016a8   0x00000044   Code   RO         2790    i.HAL_TIM_MspPostInit  stm32f1xx_hal_msp.o
    0x080016ec   0x080016ec   0x00000108   Code   RO          482    i.HAL_TIM_PWM_ConfigChannel  stm32f1xx_hal_tim.o
    0x080017f4   0x080017f4   0x00000034   Code   RO          485    i.HAL_TIM_PWM_Init  stm32f1xx_hal_tim.o
    0x08001828   0x08001828   0x0000002c   Code   RO         2792    i.HAL_TIM_PWM_MspInit  stm32f1xx_hal_msp.o
    0x08001854   0x08001854   0x00000040   Code   RO          489    i.HAL_TIM_PWM_Start  stm32f1xx_hal_tim.o
    0x08001894   0x08001894   0x0000007c   Code   RO          492    i.HAL_TIM_PWM_Stop  stm32f1xx_hal_tim.o
    0x08001910   0x08001910   0x00000072   Code   RO         1313    i.HAL_UART_Init     stm32f1xx_hal_uart.o
    0x08001982   0x08001982   0x00000002   PAD
    0x08001984   0x08001984   0x00000078   Code   RO         2794    i.HAL_UART_MspInit  stm32f1xx_hal_msp.o
    0x080019fc   0x080019fc   0x000000d6   Code   RO         1321    i.HAL_UART_Transmit  stm32f1xx_hal_uart.o
    0x08001ad2   0x08001ad2   0x00000004   Code   RO         2706    i.HardFault_Handler  stm32f1xx_it.o
    0x08001ad6   0x08001ad6   0x00000002   PAD
    0x08001ad8   0x08001ad8   0x000000f0   Code   RO         2538    i.MX_GPIO_Init      main.o
    0x08001bc8   0x08001bc8   0x00000040   Code   RO         2539    i.MX_RTC_Init       main.o
    0x08001c08   0x08001c08   0x000000f4   Code   RO         2540    i.MX_TIM1_Init      main.o
    0x08001cfc   0x08001cfc   0x000000c4   Code   RO         2541    i.MX_TIM2_Init      main.o
    0x08001dc0   0x08001dc0   0x00000084   Code   RO         2542    i.MX_TIM3_Init      main.o
    0x08001e44   0x08001e44   0x00000084   Code   RO         2543    i.MX_TIM4_Init      main.o
    0x08001ec8   0x08001ec8   0x0000004c   Code   RO         2544    i.MX_USART1_UART_Init  main.o
    0x08001f14   0x08001f14   0x00000004   Code   RO         2707    i.MemManage_Handler  stm32f1xx_it.o
    0x08001f18   0x08001f18   0x00000002   Code   RO         2708    i.NMI_Handler       stm32f1xx_it.o
    0x08001f1a   0x08001f1a   0x00000002   PAD
    0x08001f1c   0x08001f1c   0x00000010   Code   RO         2097    i.NVIC_GetPriorityGrouping  stm32f1xx_hal_cortex.o
    0x08001f2c   0x08001f2c   0x00000028   Code   RO         2098    i.NVIC_SetPriority  stm32f1xx_hal_cortex.o
    0x08001f54   0x08001f54   0x00000028   Code   RO         1792    i.RCC_Delay         stm32f1xx_hal_rcc.o
    0x08001f7c   0x08001f7c   0x0000003a   Code   RO          157    i.RTC_EnterInitMode  stm32f1xx_hal_rtc.o
    0x08001fb6   0x08001fb6   0x0000003a   Code   RO          158    i.RTC_ExitInitMode  stm32f1xx_hal_rtc.o
    0x08001ff0   0x08001ff0   0x0000003c   Code   RO         2545    i.StartDefaultTask  main.o
    0x0800202c   0x0800202c   0x00000014   Code   RO         2709    i.SysTick_Handler   stm32f1xx_it.o
    0x08002040   0x08002040   0x00000098   Code   RO         2546    i.SystemClock_Config  main.o
    0x080020d8   0x080020d8   0x00000048   Code   RO         3960    i.SystemInit        system_stm32f1xx.o
    0x08002120   0x08002120   0x00000074   Code   RO          500    i.TIM_Base_SetConfig  stm32f1xx_hal_tim.o
    0x08002194   0x08002194   0x0000001c   Code   RO          501    i.TIM_CCxChannelCmd  stm32f1xx_hal_tim.o
    0x080021b0   0x080021b0   0x00000018   Code   RO          507    i.TIM_ETR_SetConfig  stm32f1xx_hal_tim.o
    0x080021c8   0x080021c8   0x00000014   Code   RO          508    i.TIM_ITRx_SetConfig  stm32f1xx_hal_tim.o
    0x080021dc   0x080021dc   0x00000064   Code   RO          509    i.TIM_OC1_SetConfig  stm32f1xx_hal_tim.o
    0x08002240   0x08002240   0x00000070   Code   RO          510    i.TIM_OC2_SetConfig  stm32f1xx_hal_tim.o
    0x080022b0   0x080022b0   0x0000006c   Code   RO          511    i.TIM_OC3_SetConfig  stm32f1xx_hal_tim.o
    0x0800231c   0x0800231c   0x00000050   Code   RO          512    i.TIM_OC4_SetConfig  stm32f1xx_hal_tim.o
    0x0800236c   0x0800236c   0x0000002a   Code   RO          514    i.TIM_TI1_ConfigInputStage  stm32f1xx_hal_tim.o
    0x08002396   0x08002396   0x0000002c   Code   RO          516    i.TIM_TI2_ConfigInputStage  stm32f1xx_hal_tim.o
    0x080023c2   0x080023c2   0x00000002   PAD
    0x080023c4   0x080023c4   0x000001c8   Code   RO         1340    i.UART_SetConfig    stm32f1xx_hal_uart.o
    0x0800258c   0x0800258c   0x0000006c   Code   RO         1342    i.UART_WaitOnFlagUntilTimeout  stm32f1xx_hal_uart.o
    0x080025f8   0x080025f8   0x00000004   Code   RO         2710    i.UsageFault_Handler  stm32f1xx_it.o
    0x080025fc   0x080025fc   0x00000004   Code   RO         2547    i._Error_Handler    main.o
    0x08002600   0x08002600   0x00000020   Code   RO         4550    i.__0printf$2       mc_w.l(printf2.o)
    0x08002620   0x08002620   0x0000000e   Code   RO         4796    i.__scatterload_copy  mc_w.l(handlers.o)
    0x0800262e   0x0800262e   0x00000002   Code   RO         4797    i.__scatterload_null  mc_w.l(handlers.o)
    0x08002630   0x08002630   0x0000000e   Code   RO         4798    i.__scatterload_zeroinit  mc_w.l(handlers.o)
    0x0800263e   0x0800263e   0x000000d6   Code   RO         4557    i._printf_core      mc_w.l(printf2.o)
    0x08002714   0x08002714   0x00000048   Code   RO         4235    i.addCmd2ListF      command.o
    0x0800275c   0x0800275c   0x0000001c   Code   RO         4350    i.fputc             debug.o
    0x08002778   0x08002778   0x00000048   Code   RO         4236    i.getCurrentCmdF    command.o
    0x080027c0   0x080027c0   0x00000140   Code   RO         3997    i.iGetEventF        motortask.o
    0x08002900   0x08002900   0x00000014   Code   RO         4237    i.isCmdListEmptyF   command.o
    0x08002914   0x08002914   0x00000030   Code   RO         4147    i.isResetPinCheckedF  pin.o
    0x08002944   0x08002944   0x00000030   Code   RO         4148    i.isStopPinCheckedF  pin.o
    0x08002974   0x08002974   0x00000068   Code   RO         2548    i.main              main.o
    0x080029dc   0x080029dc   0x0000000e   Code   RO         3583    i.makeFreeRtosPriority  cmsis_os.o
    0x080029ea   0x080029ea   0x00000002   PAD
    0x080029ec   0x080029ec   0x00000020   Code   RO         4149    i.motorBackRunF     pin.o
    0x08002a0c   0x08002a0c   0x00000020   Code   RO         4150    i.motorRunF         pin.o
    0x08002a2c   0x08002a2c   0x0000001c   Code   RO         4151    i.motorStopF        pin.o
    0x08002a48   0x08002a48   0x00000024   Code   RO         3998    i.motorTaskF        motortask.o
    0x08002a6c   0x08002a6c   0x00000018   Code   RO         3585    i.osDelay           cmsis_os.o
    0x08002a84   0x08002a84   0x0000000a   Code   RO         3588    i.osKernelStart     cmsis_os.o
    0x08002a8e   0x08002a8e   0x00000030   Code   RO         3622    i.osThreadCreate    cmsis_os.o
    0x08002abe   0x08002abe   0x00000002   PAD
    0x08002ac0   0x08002ac0   0x00000098   Code   RO         3288    i.prvAddCurrentTaskToDelayedList  tasks.o
    0x08002b58   0x08002b58   0x000000b4   Code   RO         3289    i.prvAddNewTaskToReadyList  tasks.o
    0x08002c0c   0x08002c0c   0x00000064   Code   RO         3290    i.prvCheckTasksWaitingTermination  tasks.o
    0x08002c70   0x08002c70   0x00000012   Code   RO         3291    i.prvDeleteTCB      tasks.o
    0x08002c82   0x08002c82   0x00000002   PAD
    0x08002c84   0x08002c84   0x0000007c   Code   RO         2860    i.prvHeapInit       heap_4.o
    0x08002d00   0x08002d00   0x00000028   Code   RO         3292    i.prvIdleTask       tasks.o
    0x08002d28   0x08002d28   0x000000aa   Code   RO         3293    i.prvInitialiseNewTask  tasks.o
    0x08002dd2   0x08002dd2   0x00000002   PAD
    0x08002dd4   0x08002dd4   0x00000068   Code   RO         3294    i.prvInitialiseTaskLists  tasks.o
    0x08002e3c   0x08002e3c   0x00000068   Code   RO         2861    i.prvInsertBlockIntoFreeList  heap_4.o
    0x08002ea4   0x08002ea4   0x00000034   Code   RO         3295    i.prvResetNextTaskUnblockTime  tasks.o
    0x08002ed8   0x08002ed8   0x00000040   Code   RO         2931    i.prvTaskExitError  port.o
    0x08002f18   0x08002f18   0x00000006   Code   RO         4426    i.ptFSM_getStateTableF  fsm.o
    0x08002f1e   0x08002f1e   0x00000002   PAD
    0x08002f20   0x08002f20   0x0000013c   Code   RO         2862    i.pvPortMalloc      heap_4.o
    0x0800305c   0x0800305c   0x00000024   Code   RO         2932    i.pxPortInitialiseStack  port.o
    0x08003080   0x08003080   0x0000000c   Code   RO         4274    i.servoCloseF       servo.o
    0x0800308c   0x0800308c   0x0000000c   Code   RO         4275    i.servoOpenF        servo.o
    0x08003098   0x08003098   0x00000050   Code   RO         4311    i.setServoPwmPulseF  pwm.o
    0x080030e8   0x080030e8   0x00000114   Code   RO         4091    i.signalFilterHandleF  signal.o
    0x080031fc   0x080031fc   0x00000064   Code   RO         4092    i.signalFunctionHandleF  signal.o
    0x08003260   0x08003260   0x00000006   Code   RO         4427    i.tFSM_getCurStateF  fsm.o
    0x08003266   0x08003266   0x00000006   Code   RO         4428    i.uiFSM_getEventNumF  fsm.o
    0x0800326c   0x0800326c   0x00000006   Code   RO         4429    i.uiFSM_getStateNumF  fsm.o
    0x08003272   0x08003272   0x00000028   Code   RO         3096    i.uxListRemove      list.o
    0x0800329a   0x0800329a   0x00000080   Code   RO         4430    i.vFSM_EventHandleF  fsm.o
    0x0800331a   0x0800331a   0x00000004   Code   RO         4431    i.vFSM_MoveStateF   fsm.o
    0x0800331e   0x0800331e   0x0000000e   Code   RO         4432    i.vFSM_RegistF      fsm.o
    0x0800332c   0x0800332c   0x0000001a   Code   RO         3097    i.vListInitialise   list.o
    0x08003346   0x08003346   0x00000006   Code   RO         3098    i.vListInitialiseItem  list.o
    0x0800334c   0x0800334c   0x00000034   Code   RO         3099    i.vListInsert       list.o
    0x08003380   0x08003380   0x00000018   Code   RO         3100    i.vListInsertEnd    list.o
    0x08003398   0x08003398   0x00000044   Code   RO         3999    i.vMotorTaskInit    motortask.o
    0x080033dc   0x080033dc   0x00000020   Code   RO         4000    i.vMotorTaskLoop    motortask.o
    0x080033fc   0x080033fc   0x00000054   Code   RO         2934    i.vPortEnterCritical  port.o
    0x08003450   0x08003450   0x0000003c   Code   RO         2935    i.vPortExitCritical  port.o
    0x0800348c   0x0800348c   0x00000094   Code   RO         2863    i.vPortFree         heap_4.o
    0x08003520   0x08003520   0x00000020   Code   RO         2936    i.vPortSetupTimerInterrupt  port.o
    0x08003540   0x08003540   0x0000003c   Code   RO         4001    i.vResetHandleF     motortask.o
    0x0800357c   0x0800357c   0x00000028   Code   RO         4002    i.vRstChkHandleF    motortask.o
    0x080035a4   0x080035a4   0x0000003c   Code   RO         4003    i.vRunHandleF       motortask.o
    0x080035e0   0x080035e0   0x0000002c   Code   RO         4004    i.vServoOffHandleF  motortask.o
    0x0800360c   0x0800360c   0x0000004c   Code   RO         4005    i.vServoOnHandleF   motortask.o
    0x08003658   0x08003658   0x00000038   Code   RO         4006    i.vStopHandleF      motortask.o
    0x08003690   0x08003690   0x0000005c   Code   RO         3303    i.vTaskDelay        tasks.o
    0x080036ec   0x080036ec   0x00000088   Code   RO         3314    i.vTaskStartScheduler  tasks.o
    0x08003774   0x08003774   0x00000010   Code   RO         3316    i.vTaskSuspendAll   tasks.o
    0x08003784   0x08003784   0x0000008c   Code   RO         3317    i.vTaskSwitchContext  tasks.o
    0x08003810   0x08003810   0x000000a0   Code   RO         2938    i.xPortStartScheduler  port.o
    0x080038b0   0x080038b0   0x00000034   Code   RO         2939    i.xPortSysTickHandler  port.o
    0x080038e4   0x080038e4   0x00000060   Code   RO         3319    i.xTaskCreate       tasks.o
    0x08003944   0x08003944   0x00000020   Code   RO         3323    i.xTaskGetSchedulerState  tasks.o
    0x08003964   0x08003964   0x00000148   Code   RO         3326    i.xTaskIncrementTick  tasks.o
    0x08003aac   0x08003aac   0x00000104   Code   RO         3332    i.xTaskResumeAll    tasks.o
    0x08003bb0   0x08003bb0   0x00000028   Data   RO         2550    .constdata          main.o
    0x08003bd8   0x08003bd8   0x00000010   Data   RO         3961    .constdata          system_stm32f1xx.o
    0x08003be8   0x08003be8   0x00000008   Data   RO         3962    .constdata          system_stm32f1xx.o
    0x08003bf0   0x08003bf0   0x00000057   Data   RO         4008    .constdata          motortask.o
    0x08003c47   0x08003c47   0x00000016   Data   RO         4093    .constdata          signal.o
    0x08003c5d   0x08003c5d   0x00000003   PAD
    0x08003c60   0x08003c60   0x00000018   Data   RO         2551    .conststring        main.o
    0x08003c78   0x08003c78   0x00000020   Data   RO         4794    Region$$Table       anon$$obj.o


    Execution Region RW_IRAM1 (Exec base: 0x20000000, Load base: 0x08003c98, Size: 0x00001470, Max: 0x00005000, ABSOLUTE, COMPRESSED[0x00000094])

    Exec Addr    Load Addr    Size         Type   Attr      Idx    E Section Name        Object

    0x20000000   COMPRESSED   0x00000009   Data   RW         1642    .data               stm32f1xx_hal.o
    0x20000009   COMPRESSED   0x00000003   PAD
    0x2000000c   COMPRESSED   0x00000010   Data   RW         2552    .data               main.o
    0x2000001c   COMPRESSED   0x00000018   Data   RW         2868    .data               heap_4.o
    0x20000034   COMPRESSED   0x0000000c   Data   RW         2940    .data               port.o
    0x20000040   COMPRESSED   0x0000003c   Data   RW         3335    .data               tasks.o
    0x2000007c   COMPRESSED   0x00000004   Data   RW         3963    .data               system_stm32f1xx.o
    0x20000080   COMPRESSED   0x000000ec   Data   RW         4009    .data               motortask.o
    0x2000016c   COMPRESSED   0x00000060   Data   RW         4094    .data               signal.o
    0x200001cc   COMPRESSED   0x00000002   Data   RW         4155    .data               pin.o
    0x200001ce   COMPRESSED   0x00000004   Data   RW         4239    .data               command.o
    0x200001d2   COMPRESSED   0x00000002   PAD
    0x200001d4   COMPRESSED   0x00000004   Data   RW         4768    .data               mc_w.l(stdout.o)
    0x200001d8        -       0x00000154   Zero   RW         2549    .bss                main.o
    0x2000032c        -       0x00000c00   Zero   RW         2867    .bss                heap_4.o
    0x20000f2c        -       0x000000f0   Zero   RW         3334    .bss                tasks.o
    0x2000101c        -       0x00000010   Zero   RW         4007    .bss                motortask.o
    0x2000102c        -       0x00000040   Zero   RW         4238    .bss                command.o
    0x2000106c   COMPRESSED   0x00000004   PAD
    0x20001070        -       0x00000400   Zero   RW            1    STACK               startup_stm32f103xb.o


==============================================================================

Image component sizes


      Code (inc. data)   RO Data    RW Data    ZI Data      Debug   Object Name

        96          0          0          0          0      12323   cmsis_os.o
       164         24          0          4         64       2016   command.o
        28          6          0          0          0        496   debug.o
         0          0          0          0          0       8076   event_groups.o
       170          0          0          0          0       4567   fsm.o
       692         62          0         24       3072       8663   heap_4.o
       148          0          0          0          0       3370   list.o
      1404        204         64         16        340      28490   main.o
       792        208         87        236         16       6778   motortask.o
       188         36          0          2          0       2489   pin.o
       638         66          0         12          0      10164   port.o
        80          4          0          0          0        596   pwm.o
        24          0          0          0          0        835   servo.o
       688         36         22         96          0       3853   signal.o
        36          8        236          0       1024        792   startup_stm32f103xb.o
       152         32          0          9          0       3177   stm32f1xx_hal.o
       338         22          0          0          0      26729   stm32f1xx_hal_cortex.o
       852         36          0          0          0       3862   stm32f1xx_hal_gpio.o
         0          0          0          0          0     438300   stm32f1xx_hal_gpio_ex.o
       564         66          0          0          0       3910   stm32f1xx_hal_msp.o
        12          4          0          0          0        507   stm32f1xx_hal_pwr.o
      1772        108          0          0          0       5880   stm32f1xx_hal_rcc.o
       592         48          0          0          0       2385   stm32f1xx_hal_rcc_ex.o
       388          6          0          0          0       3248   stm32f1xx_hal_rtc.o
      1566         44          0          0          0      12192   stm32f1xx_hal_tim.o
       224          0          0          0          0       1924   stm32f1xx_hal_tim_ex.o
       892          6          0          0          0       3512   stm32f1xx_hal_uart.o
        80          0          0          0          0       4282   stm32f1xx_it.o
        72         16         24          4          0       1139   system_stm32f1xx.o
      1916        278          0         60        240      15666   tasks.o

    ----------------------------------------------------------------------
     14590       1320        468        468       4760     620221   Object Totals
         0          0         32          0          0          0   (incl. Generated)
        22          0          3          5          4          0   (incl. Padding)

    ----------------------------------------------------------------------

      Code (inc. data)   RO Data    RW Data    ZI Data      Debug   Library Member Name

        86          0          0          0          0          0   __dczerorl2.o
         0          0          0          0          0          0   entry.o
         0          0          0          0          0          0   entry10a.o
         0          0          0          0          0          0   entry11a.o
         8          4          0          0          0          0   entry2.o
         4          0          0          0          0          0   entry5.o
         0          0          0          0          0          0   entry7b.o
         0          0          0          0          0          0   entry8b.o
         8          4          0          0          0          0   entry9a.o
        30          0          0          0          0          0   handlers.o
        36          8          0          0          0         68   init.o
        36          0          0          0          0         68   memcpya.o
       246         10          0          0          0        176   printf2.o
         0          0          0          4          0          0   stdout.o

    ----------------------------------------------------------------------
       454         26          0          4          0        312   Library Totals
         0          0          0          0          0          0   (incl. Padding)

    ----------------------------------------------------------------------

      Code (inc. data)   RO Data    RW Data    ZI Data      Debug   Library Name

       454         26          0          4          0        312   mc_w.l

    ----------------------------------------------------------------------
       454         26          0          4          0        312   Library Totals

    ----------------------------------------------------------------------

==============================================================================


      Code (inc. data)   RO Data    RW Data    ZI Data      Debug   

     15044       1346        468        472       4760     613225   Grand Totals
     15044       1346        468        148       4760     613225   ELF Image Totals (compressed)
     15044       1346        468        148          0          0   ROM Totals

==============================================================================

    Total RO  Size (Code + RO Data)                15512 (  15.15kB)
    Total RW  Size (RW Data + ZI Data)              5232 (   5.11kB)
    Total ROM Size (Code + RO Data + RW Data)      15660 (  15.29kB)

==============================================================================

